==============================================================================
D′ SMALL-GT EFFECTIVE EXPOSURE — Monte-Carlo REPLAY（只读；不训练/不改任何东西）
==============================================================================
[34m[1mtrain: [0mScanning D:\gyt\AIC\urban_multimodal_detection\data\processed\rgbid_split_train\labels\train\visible.cache... 1600 images, 0 backgrounds, 1 corrupt: 100%|██████████| 1600/1600 [00:00<?, ?it/s][34m[1mtrain: [0mScanning D:\gyt\AIC\urban_multimodal_detection\data\processed\rgbid_split_train\labels\train\visible.cache... 1600 images, 0 backgrounds, 1 corrupt: 100%|██████████| 1600/1600 [00:00<?, ?it/s]
[34m[1mtrain: [0mWARNING ⚠️ D:\gyt\AIC\urban_multimodal_detection\data\processed\rgbid_split_train\images\train\visible\000013_046_00000202.png: 1 duplicate labels removed
[34m[1mtrain: [0mWARNING ⚠️ D:\gyt\AIC\urban_multimodal_detection\data\processed\rgbid_split_train\images\train\visible\003107.png: ignoring corrupt image/label: non-normalized or out of bounds coordinates [     1.0065]
[34m[1mtrain: [0mWARNING ⚠️ D:\gyt\AIC\urban_multimodal_detection\data\processed\rgbid_split_train\images\train\visible\hehe_10_00000044.png: 1 duplicate labels removed

--- mosaic_ON (mosaic p=1.0) : 1599 图 × 100 epoch ---
    ep 10/100
    ep 20/100
    ep 30/100
    ep 40/100
    ep 50/100
    ep 60/100
    ep 70/100
    ep 80/100
    ep 90/100
    ep 100/100
    native GT 总数 = 11560；最终 target 出现次数 = 2080894
[34m[1mtrain: [0mScanning D:\gyt\AIC\urban_multimodal_detection\data\processed\rgbid_split_train\labels\train\visible.cache... 1600 images, 0 backgrounds, 1 corrupt: 100%|██████████| 1600/1600 [00:00<?, ?it/s][34m[1mtrain: [0mScanning D:\gyt\AIC\urban_multimodal_detection\data\processed\rgbid_split_train\labels\train\visible.cache... 1600 images, 0 backgrounds, 1 corrupt: 100%|██████████| 1600/1600 [00:00<?, ?it/s]
[34m[1mtrain: [0mWARNING ⚠️ D:\gyt\AIC\urban_multimodal_detection\data\processed\rgbid_split_train\images\train\visible\000013_046_00000202.png: 1 duplicate labels removed
[34m[1mtrain: [0mWARNING ⚠️ D:\gyt\AIC\urban_multimodal_detection\data\processed\rgbid_split_train\images\train\visible\003107.png: ignoring corrupt image/label: non-normalized or out of bounds coordinates [     1.0065]
[34m[1mtrain: [0mWARNING ⚠️ D:\gyt\AIC\urban_multimodal_detection\data\processed\rgbid_split_train\images\train\visible\hehe_10_00000044.png: 1 duplicate labels removed

--- mosaic_OFF (mosaic p=0.0) : 1599 图 × 100 epoch ---
    ep 10/100
    ep 20/100
    ep 30/100
    ep 40/100
    ep 50/100
    ep 60/100
    ep 70/100
    ep 80/100
    ep 90/100
    ep 100/100
    native GT 总数 = 11560；最终 target 出现次数 = 1089432

[saved] D:\gyt\AIC\urban_multimodal_detection\diagnostic\small_gt_exposure\_sge_replay.npz
EXIT=0
