[p5.1] 快照目录 = diagnostic\full300_trajectory_probe\from_snapshots
[p5.1] 发现 30 个 epoch_*.npz

=== §2 Artifact Integrity ===
  唯一 W hash 数 = 30 / 30
  唯一 b hash 数 = 7 / 30
  唯一 h hash 数 = 30 / 30
  W_final 来自 best.pt（ckpt.model）
  max|W_0 − W_final| = 0.115524   max|b_0 − b_final| = 0.078125

=== §3 Identity Alignment ===
  ✓ 与 medium_cells_canvas.json 的 key/class 逐位一致
  key 数 = 1320   class 分布 = {0: 482, 1: 12, 2: 359, 3: 17, 4: 84, 5: 50, 6: 167, 7: 11, 8: 102, 9: 24, 10: 12}
identity_alignment = PASS
  geometry 装载成功（sqrt/border/aspect/density/resolution）

=== §9 Decomposition Identity Check ===
  主分解 max|R+H−T|            = 3.553e-15   PASS
  规格原文版 max|R_spec+H−T|    = 1.174e+01  （预期非零）
    其残差与 ½(W_f−W_0)_gt·(h_t−h_0) 的最大偏差 = 6.217e-15

=== §11 三读数（同一 GT-cell 口径，dead = sigmoid < 1e-3）===
   ep |  live med    dead |  init med    dead |  final med    dead
    0 |     0.093   14.8% |     0.093   14.8% |      0.004   41.1%
   10 |     0.248   11.8% |     0.659    4.8% |      0.477   14.7%
   20 |     0.327   13.3% |     0.610    4.2% |      0.506   15.5%
   30 |     0.379   15.5% |     0.655    4.7% |      0.509   17.7%
   40 |     0.399   17.5% |     0.715    5.2% |      0.467   19.5%
   50 |     0.449   17.3% |     0.712    4.6% |      0.510   20.0%
   60 |     0.373   17.5% |     0.679    5.7% |      0.394   19.4%
   70 |     0.418   21.9% |     0.725    5.2% |      0.410   23.8%
   80 |     0.471   20.5% |     0.771    5.9% |      0.479   21.9%
   90 |     0.497   22.3% |     0.770    6.4% |      0.490   23.8%
  100 |     0.472   22.4% |     0.757    5.5% |      0.484   23.9%
  110 |     0.457   23.1% |     0.746    6.6% |      0.449   24.6%
  120 |     0.473   24.2% |     0.806    6.3% |      0.448   25.5%
  130 |     0.514   23.3% |     0.806    6.2% |      0.505   24.7%
  140 |     0.468   25.9% |     0.815    7.0% |      0.462   27.0%
  150 |     0.516   26.6% |     0.836    6.7% |      0.476   27.7%
  160 |     0.442   27.5% |     0.837    6.6% |      0.420   28.0%
  170 |     0.424   29.0% |     0.828    7.3% |      0.399   29.3%
  180 |     0.448   31.3% |     0.840    7.1% |      0.434   31.8%
  190 |     0.345   31.4% |     0.846    7.7% |      0.323   31.6%
  200 |     0.546   28.1% |     0.891    6.8% |      0.536   28.4%
  210 |     0.433   30.0% |     0.866    7.7% |      0.425   30.2%
  220 |     0.398   32.5% |     0.878    7.7% |      0.388   32.7%
  230 |     0.388   33.4% |     0.879    8.0% |      0.385   33.4%
  240 |     0.410   33.4% |     0.889    8.3% |      0.411   33.4%
  250 |     0.397   34.0% |     0.891    8.3% |      0.400   33.9%
  260 |     0.361   34.3% |     0.893    8.2% |      0.364   34.2%
  270 |     0.317   34.5% |     0.889    8.4% |      0.322   34.5%
  280 |     0.320   34.6% |     0.891    8.6% |      0.326   34.5%
  290 |     0.288   35.0% |     0.888    8.9% |      0.292   34.9%

=== §12 dead-tail 轮转性 ===
  ep  0→ep10  dead  195→156  ∩=88   进=68   出=107  J=0.335
  ep 10→ep20  dead  156→176  ∩=116  进=60   出=40   J=0.537
  ep 20→ep30  dead  176→204  ∩=125  进=79   出=51   J=0.490
  ep 30→ep40  dead  204→231  ∩=149  进=82   出=55   J=0.521
  ep 40→ep50  dead  231→229  ∩=162  进=67   出=69   J=0.544
  ep 50→ep60  dead  229→231  ∩=173  进=58   出=56   J=0.603
  ep 60→ep70  dead  231→289  ∩=196  进=93   出=35   J=0.605
  ep 70→ep80  dead  289→271  ∩=212  进=59   出=77   J=0.609
  ep 80→ep90  dead  271→294  ∩=214  进=80   出=57   J=0.610
  ep 90→ep100 dead  294→296  ∩=234  进=62   出=60   J=0.657
  ep100→ep110 dead  296→305  ∩=242  进=63   出=54   J=0.674
  ep110→ep120 dead  305→319  ∩=249  进=70   出=56   J=0.664
  ep120→ep130 dead  319→308  ∩=249  进=59   出=70   J=0.659
  ep130→ep140 dead  308→342  ∩=269  进=73   出=39   J=0.706
  ep140→ep150 dead  342→351  ∩=297  进=54   出=45   J=0.750
  ep150→ep160 dead  351→363  ∩=299  进=64   出=52   J=0.720
  ep160→ep170 dead  363→383  ∩=327  进=56   出=36   J=0.780
  ep170→ep180 dead  383→413  ∩=351  进=62   出=32   J=0.789
  ep180→ep190 dead  413→414  ∩=372  进=42   出=41   J=0.818
  ep190→ep200 dead  414→371  ∩=343  进=28   出=71   J=0.776
  ep200→ep210 dead  371→396  ∩=346  进=50   出=25   J=0.822
  ep210→ep220 dead  396→429  ∩=370  进=59   出=26   J=0.813
  ep220→ep230 dead  429→441  ∩=397  进=44   出=32   J=0.839
  ep230→ep240 dead  441→441  ∩=415  进=26   出=26   J=0.889
  ep240→ep250 dead  441→449  ∩=421  进=28   出=20   J=0.898
  ep250→ep260 dead  449→453  ∩=436  进=17   出=13   J=0.936
  ep260→ep270 dead  453→456  ∩=444  进=12   出=9    J=0.955
  ep270→ep280 dead  456→457  ∩=449  进=8    出=7    J=0.968
  ep280→ep290 dead  457→462  ∩=453  进=9    出=4    J=0.972
  Jaccard 中位 = 0.721  ⇒ persistent

=== §13 dead-entry event alignment ===
  offset -2 (n= 385): live=  -3.32 R=  1.95 H= -2.46 gm= -11.56 ctr=  9.00
  offset -1 (n= 453): live=  -3.76 R=  1.79 H= -2.54 gm= -11.42 ctr=  8.90
  offset +0 (n= 648): live=  -8.54 R=  0.00 H= -3.37 gm= -13.98 ctr=  4.99
  offset +1 (n= 648): live=  -6.15 R=  2.08 H= -3.10 gm= -12.72 ctr=  7.42

=== §14 cohort（outcome-independent）===
cohort               n    dead    live       gm     ctr       R       H
all               1320   35.0%   -0.91   -14.46   12.85    3.75   -4.00
size_small         436   30.5%    0.85   -14.03   13.84    3.75   -3.24
size_mid           448   20.8%    1.53   -13.76   14.05    4.57   -3.24
size_large         436   54.1%   -8.41   -17.68    9.87    2.56   -6.29
border_near        330   43.0%   -3.96   -15.03   11.15    2.99   -4.40
border_far         990   32.3%   -0.15   -14.31   13.34    4.04   -3.76
aspect_thin        132   50.8%   -7.03   -16.01    9.12    3.39   -5.91
density_lo         688   42.7%   -3.39   -15.23   11.65    3.58   -4.79
class_0            482   35.9%   -1.36   -14.92   12.78    2.66   -2.97
class_2            359   26.7%    0.28   -13.52   13.34    3.99   -3.34
class_4             84   32.1%    1.34   -14.61   13.82    9.33   -6.04
class_5             50   40.0%   -3.58   -13.22   11.15    3.33   -5.43
class_6            167   22.8%    1.71   -13.86   14.33    5.63   -3.23
class_8            102   68.6%  -13.68   -19.20    7.99    3.79   -7.39
class_9             24   29.2%   -1.28   -15.06   12.52   10.36   -2.98

=== §16 common-mode vs centered ===
  live : 12类均值= -14.46  居中GT=  12.85  居中<0=2.3%
  init : 居中GT=  11.00
  final: 居中GT=  12.88
  ⇒ common-mode vacuum 支持

[p5.1] CSV 已写出 -> diagnostic\full300_trajectory_probe\p5_1_out
[p5.1] 报告 -> diagnostic\full300_trajectory_probe\p5_1_out\p5_1_report.md

[p5.1] 机制倾向: Head-driven   |R|中位=3.466  |H|中位=2.955
[p5.1] GPU GATE: NO GPU（分解 ≠ 因果；未见可针对的上游具体干预）
