[p5.2] 30 snapshots: 0 … 290

=== §0 Artifact Gate ===
  epoch 数=30  W hash 唯一=30/30  vec_keys=1320 一致 ✓
  与 medium_cells_canvas.json key 逐位一致 ✓
  P5.1 复现: max|R+H−T| = 3.55e-15  median R=+3.753 H=-4.002  ✓

=== §2 W_t row-wise dynamics ===
cls               ‖W0‖  ‖W290‖    Δ‖·‖  cos(W290,W0)     ‖Δ‖
person          0.6044  0.8623 +0.2580       0.76396  0.5591
boat            0.5717  0.6854 +0.1136       0.84246  0.3693
animal          0.5646  0.7520 +0.1874       0.75355  0.4944
seat            0.5890  0.7238 +0.1348       0.78717  0.4468
sign            0.5946  0.7316 +0.1370       0.77484  0.4633
bicycle         0.5901  0.7394 +0.1493       0.77992  0.4630
car             0.5815  0.7646 +0.1831       0.74258  0.5123
ball            0.5446  0.6801 +0.1355       0.81204  0.3970
light           0.5856  0.7438 +0.1582       0.78301  0.4627
garbage_can     0.5981  0.7387 +0.1406       0.84736  0.3932
uav             0.5992  0.7136 +0.1143       0.82994  0.3981
tricycle        0.5523  0.6116 +0.0593       0.81300  0.3603

=== §3 W common-mode ===
   ep  ‖W_mean‖  cos(vs W0)    b_mean  ‖W_mean−W0m‖
    0    0.1696     1.00000   -9.7331        0.0000
   10    0.2890     0.77320   -9.7904        0.1911
   20    0.3318     0.72408   -9.7917        0.2395
   30    0.3605     0.69497   -9.7930        0.2716
   40    0.3818     0.67633   -9.7930        0.2949
   50    0.3988     0.66478   -9.7930        0.3128
   60    0.4116     0.65508   -9.7943        0.3267
   70    0.4246     0.64581   -9.7943        0.3406
   80    0.4346     0.63925   -9.7943        0.3513
   90    0.4426     0.63303   -9.7943        0.3601
  100    0.4496     0.62757   -9.7943        0.3677
  110    0.4557     0.62342   -9.7943        0.3743
  120    0.4612     0.62001   -9.7949        0.3801
  130    0.4664     0.61714   -9.7949        0.3856
  140    0.4708     0.61322   -9.7949        0.3905
  150    0.4740     0.61094   -9.7949        0.3940
  160    0.4768     0.60888   -9.7949        0.3970
  170    0.4793     0.60670   -9.7949        0.3998
  180    0.4816     0.60474   -9.7949        0.4024
  190    0.4834     0.60351   -9.7949        0.4043
  200    0.4847     0.60200   -9.7949        0.4059
  210    0.4858     0.60095   -9.7949        0.4071
  220    0.4865     0.60031   -9.7949        0.4079
  230    0.4874     0.59956   -9.7949        0.4089
  240    0.4878     0.59903   -9.7949        0.4094
  250    0.4883     0.59854   -9.7949        0.4099
  260    0.4886     0.59835   -9.7949        0.4102
  270    0.4887     0.59816   -9.7949        0.4104
  280    0.4889     0.59811   -9.7949        0.4106
  290    0.4889     0.59804   -9.7949        0.4107

  12类均值 logit 的 Shapley（末点）: Rc=+0.154  Hc=-6.617  Tc=-5.948  恒等式 err=3.55e-15

=== §4 GT-row vs other rows（末点） ===
  ‖GT row‖ / mean(其他 row) : 中位=1.0347  p10=1.0041 p90=1.2031
  ‖Δ GT row‖ (vs W0)        : 中位=0.4944

=== §5 SVD / low-rank ===
   ep  spectral  frobenius  effrank   top1%能量   top3%能量
    0    0.6995     2.0147   11.914   12.055%   33.150%
   10    1.0042     2.1326   11.733   22.172%   40.996%
   20    1.1520     2.2045   11.605   27.309%   44.607%
   30    1.2515     2.2622   11.511   30.609%   46.980%
   40    1.3259     2.3067   11.440   33.038%   48.663%
   50    1.3851     2.3430   11.378   34.948%   50.090%
   60    1.4301     2.3742   11.333   36.283%   51.168%
   70    1.4758     2.4030   11.283   37.716%   52.263%
   80    1.5110     2.4251   11.244   38.822%   53.074%
   90    1.5389     2.4439   11.212   39.652%   53.833%
  100    1.5635     2.4601   11.184   40.393%   54.448%
  110    1.5851     2.4736   11.157   41.061%   55.011%
  120    1.6045     2.4851   11.133   41.685%   55.510%
  130    1.6229     2.4957   11.109   42.289%   56.017%
  140    1.6386     2.5048   11.088   42.793%   56.452%
  150    1.6499     2.5114   11.073   43.163%   56.776%
  160    1.6598     2.5163   11.058   43.508%   57.114%
  170    1.6688     2.5210   11.045   43.821%   57.363%
  180    1.6770     2.5242   11.031   44.141%   57.670%
  190    1.6832     2.5263   11.020   44.395%   57.896%
  200    1.6879     2.5281   11.013   44.578%   58.047%
  210    1.6917     2.5290   11.005   44.747%   58.188%
  220    1.6945     2.5302   11.001   44.852%   58.281%
  230    1.6976     2.5310   10.995   44.987%   58.410%
  240    1.6991     2.5315   10.992   45.048%   58.463%
  250    1.7007     2.5319   10.989   45.119%   58.519%
  260    1.7016     2.5322   10.987   45.159%   58.552%
  270    1.7023     2.5325   10.986   45.183%   58.579%
  280    1.7028     2.5326   10.985   45.204%   58.595%
  290    1.7030     2.5326   10.985   45.215%   58.603%
  singular values 全程最大变化 = 1.0034（若 ≪ 特征值量级 ⇒ 秩结构基本稳定）

=== §6 Temporal alignment ===
   ep    ‖ΔW‖  ‖ΔW_mean‖  GT logit     GT居中     12类均值 live dead  W0 dead  WF dead
    0  0.0000     0.0000    -2.282     6.28     -8.67     14.8%    14.8%    41.1%
   10  0.6988     0.1911    -1.107     8.52     -9.73     11.8%     4.8%    14.7%
   20  0.8842     0.2395    -0.721     8.74     -9.63     13.3%     4.2%    15.5%
   30  1.0075     0.2716    -0.496     9.36    -10.35     15.5%     4.7%    17.7%
   40  1.0967     0.2949    -0.409     9.93    -10.70     17.5%     5.2%    19.5%
   50  1.1673     0.3128    -0.205    10.11    -10.72     17.3%     4.6%    20.0%
   60  1.2224     0.3267    -0.519    10.46    -11.28     17.5%     5.7%    19.4%
   70  1.2766     0.3406    -0.333    10.70    -11.55     21.9%     5.2%    23.8%
   80  1.3187     0.3513    -0.116    10.91    -11.60     20.5%     5.9%    21.9%
   90  1.3535     0.3601    -0.013    11.17    -11.76     22.3%     6.4%    23.8%
  100  1.3831     0.3677    -0.114    11.23    -11.87     22.4%     5.5%    23.9%
  110  1.4094     0.3743    -0.171    11.28    -11.96     23.1%     6.6%    24.6%
  120  1.4321     0.3801    -0.109    11.64    -12.52     24.2%     6.3%    25.5%
  130  1.4530     0.3856     0.054    11.74    -12.32     23.3%     6.2%    24.7%
  140  1.4722     0.3905    -0.128    11.98    -12.71     25.9%     7.0%    27.0%
  150  1.4860     0.3940     0.063    12.03    -12.89     26.6%     6.7%    27.7%
  160  1.4976     0.3970    -0.235    12.28    -13.24     27.5%     6.6%    28.0%
  170  1.5086     0.3998    -0.306    12.15    -13.16     29.0%     7.3%    29.3%
  180  1.5180     0.4024    -0.208    12.42    -13.45     31.3%     7.1%    31.8%
  190  1.5252     0.4043    -0.640    12.61    -13.80     31.4%     7.7%    31.6%
  200  1.5310     0.4059     0.185    12.74    -13.51     28.1%     6.8%    28.4%
  210  1.5355     0.4071    -0.270    12.67    -13.87     30.0%     7.7%    30.2%
  220  1.5389     0.4079    -0.412    12.85    -13.98     32.5%     7.7%    32.7%
  230  1.5425     0.4089    -0.456    12.75    -14.13     33.4%     8.0%    33.4%
  240  1.5445     0.4094    -0.363    12.92    -14.22     33.4%     8.3%    33.4%
  250  1.5463     0.4099    -0.419    13.01    -14.30     34.0%     8.3%    33.9%
  260  1.5474     0.4102    -0.571    12.95    -14.27     34.3%     8.2%    34.2%
  270  1.5481     0.4104    -0.769    12.90    -14.40     34.5%     8.4%    34.5%
  280  1.5486     0.4106    -0.753    12.99    -14.46     34.6%     8.6%    34.5%
  290  1.5489     0.4107    -0.907    12.85    -14.46     35.0%     8.9%    34.9%

=== §7 class frequency vs W row change（训练集 GT 计数，outcome-independent） ===
cls             train GT      占比     Δ‖W‖  cos(vs W0)     H 中位
person              4426  38.25%  +0.2580     0.76396   -2.973
boat                 107   0.92%  +0.1136     0.84246   -5.198
animal              2328  20.12%  +0.1874     0.75355   -3.343
seat                 514   4.44%  +0.1348     0.78717   -7.078
sign                 659   5.70%  +0.1370     0.77484   -6.044
bicycle              550   4.75%  +0.1493     0.77992   -5.434
car                 1283  11.09%  +0.1831     0.74258   -3.234
ball                  70   0.61%  +0.1355     0.81204   -5.672
light               1211  10.47%  +0.1582     0.78301   -7.392
garbage_can          225   1.94%  +0.1406     0.84736   -2.978
uav                  174   1.50%  +0.1143     0.82994   -8.231
tricycle              23   0.20%  +0.0593     0.81300     +nan
  corr(freq, Δ‖W‖) = +0.900   corr(freq, H_med) = +nan

[p5.2] CSV -> D:\gyt\AIC\urban_multimodal_detection\diagnostic\full300_trajectory_probe\p5_2_out
