========================================================================================================
CANDIDATE-DENSITY COUNTERFACTUAL — 分析
========================================================================================================
  真实 assigner = {'topk': 10, 'alpha': 0.5, 'beta': 6.0, 'nc': 12}   self-check = True
  原始实例：GT 10105 / 候选 1905266   采样 250 图 × 3 epoch
  uid 折叠后：GT 1920 / 候选 324474

========================================================================================================
§4 BASELINE REPRODUCTION（native-area 分桶；目标见协议 §3）
========================================================================================================
     class      n  n_cand med  maxCIoU med  maxCls med  bestAlign med  zero-cand% |        目标 n/ncand/CIoU/align   ok
     small    250         4.0       0.8798      0.7692         0.3540       2.40% |     250/  4.0/ 0.8805/ 0.354 True
    medium    934        20.0       0.9608      0.8785         0.7032       0.43% |     934/ 20.0/ 0.9610/ 0.703 True
     large    736       169.0       0.9795      0.9352         0.8256       0.00% |     736/169.0/ 0.9795/ 0.826 True

  >>> BASELINE REPRODUCTION PASS

========================================================================================================
§5 CANDIDATE GEOMETRY BASELINE（分布，非仅中位数）
========================================================================================================
    small     n_cand: n=250  mean=10.0760 sd=19.5674 p10=2.0000 p25=2.2500 **p50=4.0000** p75=8.0000 p90=21.3000
    small    maxCIoU: n=250  mean=0.8027 sd=0.2135 p10=0.5483 p25=0.7691 **p50=0.8798** p75=0.9330 p90=0.9665
    small best_align: n=250  mean=0.3587 sd=0.2475 p10=0.0143 p25=0.1442 **p50=0.3540** p75=0.5563 p90=0.7022
    small     maxCls: n=250  mean=0.6772 sd=0.2298 p10=0.3379 p25=0.5937 **p50=0.7692** p75=0.8412 p90=0.8725
    small   P(CIoU>=: 0.3=94.4%  0.5=92.8%  0.7=80.8%  0.8=70.0%

   medium     n_cand: n=934  mean=30.7602 sd=35.9438 p10=6.0000 p25=11.0000 **p50=20.0000** p75=38.0000 p90=64.0000
   medium    maxCIoU: n=934  mean=0.9363 sd=0.0903 p10=0.8709 p25=0.9327 **p50=0.9608** p75=0.9765 p90=0.9842
   medium best_align: n=934  mean=0.6368 sd=0.2144 p10=0.3111 p25=0.5591 **p50=0.7032** p75=0.7825 p90=0.8426
   medium     maxCls: n=934  mean=0.8398 sd=0.1439 p10=0.7529 p25=0.8306 **p50=0.8785** p75=0.9088 p90=0.9285
   medium   P(CIoU>=: 0.3=99.6%  0.5=99.3%  0.7=97.8%  0.8=96.3%

    large     n_cand: n=736  mean=398.4035 sd=724.2237 p10=45.0000 p25=77.0000 **p50=169.0000** p75=365.0000 p90=942.5000
    large    maxCIoU: n=736  mean=0.9680 sd=0.0533 p10=0.9420 p25=0.9677 **p50=0.9795** p75=0.9885 p90=0.9926
    large best_align: n=736  mean=0.7638 sd=0.1957 p10=0.5186 p25=0.7426 **p50=0.8256** p75=0.8816 p90=0.9150
    large     maxCls: n=736  mean=0.9052 sd=0.1222 p10=0.8605 p25=0.9092 **p50=0.9352** p75=0.9521 p90=0.9643
    large   P(CIoU>=: 0.3=99.9%  0.5=99.9%  0.7=99.3%  0.8=98.4%

========================================================================================================
§9 CORE TABLE — candidate 数量效应（maxCIoU 为主判据）
========================================================================================================
  regime                       n_cand 分布 / maxCIoU 分布
  Small native                 n_cand med=4.0
  Small native                 n=250  mean=0.8027 sd=0.2135 p10=0.5483 p25=0.7691 **p50=0.8798** p75=0.9330 p90=0.9665  P(>=0.5)=92.8% P(>=0.7)=80.8% P(>=0.8)=70.0%
  Large native                 n_cand med=169.0
  Large native                 n=736  mean=0.9680 sd=0.0533 p10=0.9420 p25=0.9677 **p50=0.9795** p75=0.9885 p90=0.9926  P(>=0.5)=99.9% P(>=0.7)=99.3% P(>=0.8)=98.4%
  Large -> Random-4            n_cand = 4 (抽自真实 set)
  Large -> Random-4            n=736  mean=0.6752 sd=0.2944 p10=0.2154 p25=0.4538 **p50=0.7755** p75=0.9489 p90=0.9657  P(>=0.5)=70.2% P(>=0.7)=55.0% P(>=0.8)=48.4%
  Large -> Best-4              n_cand = 4 (按 CIoU 取前 4)
  Large -> Best-4              n=736  mean=0.9680 sd=0.0533 p10=0.9420 p25=0.9677 **p50=0.9795** p75=0.9885 p90=0.9926  P(>=0.5)=99.9% P(>=0.7)=99.3% P(>=0.8)=98.4%
  Large -> Stride8-4           n_cand = 4 (stride-8 中离中心最近; 覆盖 735/736)
  Large -> Stride8-4           n=735  mean=0.6395 sd=0.3269 p10=0.1213 p25=0.3419 **p50=0.7680** p75=0.9445 p90=0.9693  P(>=0.5)=65.6% P(>=0.7)=53.9% P(>=0.8)=47.3%

  maxCls 与 best_align（辅助指标；注意 best_align 受 alpha/beta 与 cls 影响，不可直接解读为 geometry quality）
  regime                        maxCls med  bestAlign med
  Small native                      0.7692         0.3540
  Large native                      0.9352         0.8256
  Large -> Random-4                 0.0000         0.0000
  Large -> Best-4                   0.9162         0.8125
  Large -> Stride8-4                0.0000         0.0000

  CF2 退化说明：Best-4 的 maxCIoU 恒等于 Large native 的 maxCIoU（取前 4 后取 max = 全局 max）——
    实测 0.9795 vs native 0.9795 ⇒ CF2 对 maxCIoU 无信息。
    CF2 有信息的量是**前 4 的 CIoU 下界（第 4 高）**：中位 0.9735

========================================================================================================
§5b CANDIDATE-LEVEL QUALITY（逐候选，**与 candidate 数量无关**）
========================================================================================================
  这是分离「数量」与「质量」最干净的量：per-candidate 均值/中位不受 n_cand 影响。
     class  n_cand_total  CIoU mean  CIoU med  CIoU p10  CIoU p90 |  cls mean   cls med | P(CIoU>=0.3)  P(CIoU>=0.5)  P(CIoU>=0.7)  P(CIoU>=0.8)
     small          2519     0.6991    0.8451    0.1915    0.9497 |    0.3274    0.0456 |      83.5%       76.0%       66.9%       57.6%
    medium         28730     0.6570    0.8387    0.1073    0.9635 |    0.2335    0.0000 |      78.7%       67.3%       58.5%       53.3%
     large        293225     0.1721    0.0355    0.0000    0.6125 |    0.0240    0.0000 |      20.1%       12.5%        8.6%        7.2%

========================================================================================================
§5c SAMPLING CURVE — Large GT 的 E[max CIoU over k 个随机候选]（数量的 order-statistics 曲线）
========================================================================================================
  k=   1   E[max CIoU] median = 0.2957
  k=   2   E[max CIoU] median = 0.5224
  k=   4   E[max CIoU] median = 0.7897
  k=   8   E[max CIoU] median = 0.9440
  k=  16   E[max CIoU] median = 0.9637
  k=  32   E[max CIoU] median = 0.9708
  k=  64   E[max CIoU] median = 0.9753
  k= 128   E[max CIoU] median = 0.9773
  Small native maxCIoU 中位 = 0.8798  ⇒ 用大目标的候选池要达到同一水平需 k ≈ 8

========================================================================================================
§5d CF4 — Large → Coverage-matched 4（**本审计额外构造**，非协议要求）
========================================================================================================
  定义：在归一化偏移空间 [-1,1]^2 里取 4 个象限中心 (±0.5,±0.5)，每个象限取最近候选，
        模拟『4 个候选覆盖整个目标』——这才是 small 的真实处境（4 个候选铺满小框）。
  regime                           n  maxCIoU med  maxCls med  bestAlign med
  Small native                   250       0.8798      0.7692         0.3540
  Large native                   736       0.9795      0.9352         0.8256
  Large Random-4                 736       0.7755      0.0000         0.0000
  Large Best-4                   736       0.9795      0.9162         0.8125
  Large Stride8-4                735       0.7680      0.0000         0.0000
  Large Coverage-4               736       0.7136      0.0000         0.0000

  ⚠ **protocol sensitivity**：同为『4 个候选』，三种选法给出 0.7755 / 0.7680 / 0.7136（random / stride8 / coverage）
    跨度 0.0619  ⇒ CF 结论对 selection protocol 高度敏感（协议 §12 CASE D 的条件之一）

========================================================================================================
§11 MONTE-CARLO UNCERTAINTY（CF1：seed 0..99 固定；per-GT 分布，不把抽样当独立 GT）
========================================================================================================
  per-GT mean over 100 seeds : mean=0.6758 sd=0.2256 p5=0.2298 p50=0.7183 p95=0.9492
  per-GT median over 100 seeds: mean=0.6752 sd=0.2944 p5=0.0970 p50=0.7755 p95=0.9709
  总体（把 GT 与 seed 都当样本）: mean=0.6758 sd=0.3214 p50=0.8249

========================================================================================================
§12 Δ 与 CASE 判定（主判据 = maxCIoU 中位）
========================================================================================================
  Small native      maxCIoU med = 0.8798
  Large native      maxCIoU med = 0.9795
  Large Random-4    maxCIoU med = 0.7755   (Δ vs Large native = -0.2040)
  Large Stride8-4   maxCIoU med = 0.7680   (Δ vs Large native = -0.2115)
  Small − Large_Random4 = +0.1043

  candidate-count 能解释的降幅 Δ_Random4 = +0.2040 (占 native 的 20.8%)
  数量补偿后 Small 与 Large 仍相差 = -0.1043  (Small/Large_Random4 = 1.1345)

  等价带 tol = 0.02（预先声明）
  >>> CASE A — STRONG SUPPORT（overshoot：Small > Large_Random4）
      理由：Large-Random4 落到 Small **之下** ⇒ 同等候选数下 small 的 maxCIoU 反而更高，即 small 的候选质量并不更差；large 的高 maxCIoU 来自 169 个候选的 order statistics。

========================================================================================================
§9 SIZE / ASPECT-RATIO MATCHING
========================================================================================================
  native sqrt: small [11.8,32.0] median 25.0 | large [96.0,1309.4] median 164.7
  ⇒ native 尺寸分层按定义不相交（small<32px、large>96px）⇒ **literal size matching 不可能**，
    不做伪造匹配。CF1/CF2/CF3 均为 **within-GT** 反事实，尺寸/位置/上下文被完全固定。

  可做的匹配 = aspect-ratio 分层（small 的 AR 四分位：0.500/0.775/1.258）
                AR 层  n_small  n_large  Small maxCIoU  LR4 maxCIoU  Large maxCIoU
  [  -inf,  0.50]       63      248         0.8275       0.6467         0.9794
  [  0.50,  0.78]       62      148         0.8277       0.7866         0.9832
  [  0.78,  1.26]       62      131         0.8882       0.6883         0.9823
  [  1.26,   inf]       63      209         0.9312       0.9116         0.9765

[saved] D:\gyt\AIC\urban_multimodal_detection\diagnostic\candidate_density_counterfactual\_tables.json
