==================== epoch280 ====================
[1/2] 推理 Fri Sep 18 09:00:38     2026
      推理 exit=0 txt=400
[2/2] 官方口径评测 Fri Sep 18 09:09:54     2026
  official mAP50      = 0.77176
  official mAP75      = 0.54721
  official mAP50-95   = 0.50396
  micro P/R @IoU0.5   = 0.85256 / 0.70039   (F1=0.76902 @conf=0.5033)
  R@0.5      S/M/L    = 0.68464 / 0.81061 / 0.85394
  R@0.5:0.95 S/M/L    = 0.38787 / 0.50545 / 0.64659
==================== epoch290 ====================
[1/2] 推理 Fri Sep 18 09:10:57     2026
      推理 exit=1 txt=272
[2/2] 官方口径评测 Fri Sep 18 09:14:55     2026
==================== epoch240 ====================
[1/2] 推理 Fri Sep 18 09:15:12     2026
      推理 exit=0 txt=400
[2/2] 官方口径评测 Fri Sep 18 09:23:46     2026
  official mAP50      = 0.76881
  official mAP75      = 0.50724
  official mAP50-95   = 0.50097
  micro P/R @IoU0.5   = 0.86198 / 0.69861   (F1=0.77174 @conf=0.5264)
  R@0.5      S/M/L    = 0.68194 / 0.81818 / 0.85573
  R@0.5:0.95 S/M/L    = 0.38976 / 0.51076 / 0.65054
==================== epoch250 ====================
[1/2] 推理 Fri Sep 18 09:24:35     2026
      推理 exit=0 txt=400
[2/2] 官方口径评测 Fri Sep 18 09:31:53     2026
  official mAP50      = 0.77247
  official mAP75      = 0.50090
  official mAP50-95   = 0.49858
  micro P/R @IoU0.5   = 0.85368 / 0.70253   (F1=0.77076 @conf=0.4931)
  R@0.5      S/M/L    = 0.67655 / 0.81288 / 0.86022
  R@0.5:0.95 S/M/L    = 0.38760 / 0.50644 / 0.65206
==================== epoch260 ====================
[1/2] 推理 Fri Sep 18 09:32:50     2026
      推理 exit=0 txt=400
[2/2] 官方口径评测 Fri Sep 18 09:39:56     2026
  official mAP50      = 0.76973
  official mAP75      = 0.55457
  official mAP50-95   = 0.50146
  micro P/R @IoU0.5   = 0.83230 / 0.71963   (F1=0.77188 @conf=0.3701)
  R@0.5      S/M/L    = 0.66846 / 0.81136 / 0.85663
  R@0.5:0.95 S/M/L    = 0.38356 / 0.50561 / 0.64695
==================== epoch270 ====================
[1/2] 推理 Fri Sep 18 09:40:38     2026
      推理 exit=0 txt=400
[2/2] 官方口径评测 Fri Sep 18 09:51:24     2026
  official mAP50      = 0.77296
  official mAP75      = 0.51150
  official mAP50-95   = 0.49978
  micro P/R @IoU0.5   = 0.86652 / 0.69149   (F1=0.76917 @conf=0.5903)
  R@0.5      S/M/L    = 0.68194 / 0.81212 / 0.85484
  R@0.5:0.95 S/M/L    = 0.38733 / 0.50644 / 0.64964
==================== epoch230 ====================
[1/2] 推理 Fri Sep 18 09:52:17     2026
      推理 exit=0 txt=400
[2/2] 官方口径评测 Fri Sep 18 09:58:40     2026
  official mAP50      = 0.76938
  official mAP75      = 0.55612
  official mAP50-95   = 0.50369
  micro P/R @IoU0.5   = 0.84170 / 0.70467   (F1=0.76711 @conf=0.4458)
  R@0.5      S/M/L    = 0.67385 / 0.81667 / 0.86111
  R@0.5:0.95 S/M/L    = 0.38598 / 0.50894 / 0.64839
==================== epoch200 ====================
[1/2] 推理 Fri Sep 18 09:59:32     2026
      推理 exit=0 txt=400
[2/2] 官方口径评测 Fri Sep 18 10:05:54     2026
  official mAP50      = 0.76953
  official mAP75      = 0.52266
  official mAP50-95   = 0.49714
  micro P/R @IoU0.5   = 0.83569 / 0.71571   (F1=0.77106 @conf=0.4194)
  R@0.5      S/M/L    = 0.68733 / 0.82273 / 0.86380
  R@0.5:0.95 S/M/L    = 0.39677 / 0.51705 / 0.65108
==================== epoch210 ====================
[1/2] 推理 Fri Sep 18 10:08:37     2026
      推理 exit=1 txt=208
[2/2] 官方口径评测 Fri Sep 18 10:12:29     2026
==================== epoch220 ====================
[1/2] 推理 Fri Sep 18 10:12:46     2026
      推理 exit=1 txt=240
[2/2] 官方口径评测 Fri Sep 18 10:16:29     2026
