==================== epoch290 ====================
[1/2] 推理 Fri Sep 18 09:15:07     2026
      推理 exit=0 txt=400
[2/2] 官方口径评测 Fri Sep 18 09:23:34     2026
  official mAP50      = 0.77480
  official mAP75      = 0.54549
  official mAP50-95   = 0.50742
  micro P/R @IoU0.5   = 0.84259 / 0.71322   (F1=0.77253 @conf=0.4706)
  R@0.5      S/M/L    = 0.68194 / 0.81515 / 0.86201
  R@0.5:0.95 S/M/L    = 0.38383 / 0.50909 / 0.65036
==================== epoch240 ====================
[1/2] 推理 Fri Sep 18 09:24:25     2026
      推理 exit=0 txt=400
[2/2] 官方口径评测 Fri Sep 18 09:31:26     2026
  official mAP50      = 0.76881
  official mAP75      = 0.50724
  official mAP50-95   = 0.50097
  micro P/R @IoU0.5   = 0.86198 / 0.69861   (F1=0.77174 @conf=0.5264)
  R@0.5      S/M/L    = 0.68194 / 0.81818 / 0.85573
  R@0.5:0.95 S/M/L    = 0.38976 / 0.51076 / 0.65054
==================== epoch260 ====================
[1/2] 推理 Fri Sep 18 09:32:19     2026
      推理 exit=0 txt=400
[2/2] 官方口径评测 Fri Sep 18 09:39:19     2026
  official mAP50      = 0.76973
  official mAP75      = 0.55457
  official mAP50-95   = 0.50146
  micro P/R @IoU0.5   = 0.83230 / 0.71963   (F1=0.77188 @conf=0.3701)
  R@0.5      S/M/L    = 0.66846 / 0.81136 / 0.85663
  R@0.5:0.95 S/M/L    = 0.38356 / 0.50561 / 0.64695
==================== DONE Fri Sep 18 09:40:19     2026 ====================
