[collect] Baseline  images=400 corrupt_dropped=2 gt=2807 pred=4824
[collect] P2_best   images=400 corrupt_dropped=2 gt=2807 pred=4471

[verify] 全量（不重采样）与 official_map.evaluate 比对
  Baseline  fast=0.509275 ref=0.509275 exact=True  | small=0.05625 medium=0.17984 large=0.61711
  P2_best   fast=0.502321 ref=0.502321 exact=True  | small=0.05861 medium=0.18708 large=0.60312

[point estimate]
  Baseline  mAP50-95=0.50928  small=0.05625 medium=0.17984  large=0.61711
  P2_best   mAP50-95=0.50232  small=0.05861 medium=0.18708  large=0.60312
  ... 25/400
  ... 50/400
  ... 75/400
  ... 100/400
  ... 125/400
  ... 150/400
  ... 175/400
  ... 200/400
  ... 225/400
  ... 250/400
  ... 275/400
  ... 300/400
  ... 325/400
  ... 350/400
  ... 375/400
  ... 400/400

[paired image-level bootstrap, iters=400, seed=42]
  metric       point Δ  boot mean      2.5%     97.5%   P(Δ<=0)        σ
  mAP50-95    -0.00695   -0.00349  -0.01264  +0.00555     0.752  0.00485
  small       +0.00236   +0.00162  -0.00341  +0.00643     0.275  0.00266
  medium      +0.00724   +0.00435  -0.00379  +0.01349     0.142  0.00440
  large       -0.01399   -0.00823  -0.02198  +0.00505     0.865  0.00700

[single-model bootstrap σ (baseline only), scale reference]
  mAP50-95   σ_metric=0.02461
  small      σ_metric=0.00631
  medium     σ_metric=0.01175
  large      σ_metric=0.03721
