============================================================================================================
DEPTH↔RGB SPATIAL ALIGNMENT INFRASTRUCTURE AUDIT（READ-ONLY）
============================================================================================================

[§5] RAW FILE LEVEL 对应表（全部文件 header，只读）

  --- train (n_stem=2000) ---
    缺失 stem: visible=0, ir=0, depth=0
    visible  格式/模式: {'JPEG/RGB': 149, 'PNG/RGB': 1851}
    ir       格式/模式: {'JPEG/RGB': 149, 'PNG/RGB': 1851}
    depth    格式/模式: {'JPEG/RGB': 149, 'PNG/I;16': 1851}
    三方 (W,H) 组合（visible_w,visible_h,ir_w,ir_h,depth_w,depth_h）:
      (1920, 1080, 1920, 1080, 1920, 1080)  n=1851  三方同尺寸=True
      (640, 360, 640, 360, 640, 360)  n=149  三方同尺寸=True
    EXIF orientation(前200样本): {('visible', None): 200, ('ir', None): 200, ('depth', None): 200}

  --- val (n_stem=400) ---
    缺失 stem: visible=0, ir=0, depth=0
    visible  格式/模式: {'JPEG/RGB': 27, 'PNG/RGB': 373}
    ir       格式/模式: {'JPEG/RGB': 27, 'PNG/RGB': 373}
    depth    格式/模式: {'JPEG/RGB': 27, 'PNG/I;16': 373}
    三方 (W,H) 组合（visible_w,visible_h,ir_w,ir_h,depth_w,depth_h）:
      (1920, 1080, 1920, 1080, 1920, 1080)  n=373  三方同尺寸=True
      (640, 360, 640, 360, 640, 360)  n=27  三方同尺寸=True
    EXIF orientation(前200样本): {('visible', None): 200, ('ir', None): 200, ('depth', None): 200}

[§15] DEPTH 数值语义（代码证据 + 只读直方图）
  base.py:344-347（RGBID 分支，实读）:
      im_depth[im_depth < 300] = 0.0                      # 无效深度(<300mm) 置 0
      im_depth = np.clip(im_depth / 19999.0 * 255.0, 0, 255).astype(np.uint8)
  ⇒ 有效阈值是 **300（mm）**，不是 0；19999 是饱和常数；0 只是『已被置零的无效值』之一

  stem                      dtype    shape                ==0    <300   >=300  ==19999    min     max
  000002                    uint16   (1080, 1920)      20.68%  20.68%  79.32%    0.00%      0   19999
  000002_080_00000048       uint16   (1080, 1920)      33.97%  33.97%  66.03%    0.00%      0   19999
  000002_081_00000001       uint16   (1080, 1920)      24.90%  24.90%  75.10%    0.00%      0   19999
  000002_081_00000047       uint16   (1080, 1920)      24.54%  24.54%  75.46%    0.00%      0   19999
  000002_081_00000185       uint16   (1080, 1920)      36.55%  36.55%  63.45%    0.00%      0   19999
  000002_082_00000061       uint16   (1080, 1920)      23.15%  23.15%  76.85%    0.00%      0   19999
  000002_082_00000121       uint16   (1080, 1920)      28.19%  28.19%  71.81%    0.00%      0   19999
  000002_083_00000001       uint16   (1080, 1920)      26.96%  26.96%  73.04%    0.00%      0   19999
  000002_083_00000057       uint16   (1080, 1920)      12.94%  12.94%  87.06%    0.00%      0   19999
  000002_083_00000113       uint16   (1080, 1920)      35.82%  35.82%  64.18%    0.00%      0   19999

  20 张中位： ==0 29.95%  <300 29.95%  >=300 70.05%
  ⇒ 『==0』会**低估**无效比例：1..299 也是无效（被 pipeline 置零）。

[§7/§8] RAW 层对齐检验（预注册 primary metric = Sobel 幅值 Pearson r，8×8 下采样）
       secondary = Canny 边缘 Jaccard；二者均报告，**不以 secondary 改判 primary**
  n=40  primary(Sobel r) @(0,0) 中位 = 0.1105
  primary 最佳平移后 中位 = 0.1659  （提升 +0.0553）
  最佳位移 中位 (dy,dx) = (0,-24)  标准差 (dy,dx)=(12.5,20.5)
  最佳位移是否高度分散（>16px 标准差 ⇒ 无法用单一 global translation 解决）: True
  secondary(Canny Jaccard) 中位 = 0.02316

[saved] D:\gyt\AIC\urban_multimodal_detection\diagnostic\depth_alignment_audit\_tables.json
