================================================================================================================
L17 SPATIAL SELECTIVITY / SUFFICIENCY AUDIT —— STRICT READ-ONLY
================================================================================================================
  checkpoint sha256[:16] = 1cae45f75693f541
  V13 dose  sha256[:16] = f6139cef5a153689
  V14 upstr sha256[:16] = 347c4c3de50cf089
  V12 patch sha256[:16] = 51b6cb6cc3d30aef

================================================================================================================
[§A] ARTIFACT 能力扫描 —— 协议 §5–§8 需要的『全图激活张量』到底存不存在？
================================================================================================================
  扫描文件数 = 17（p3_feature_space/ 与 small_object_cause_v2/ 全部 .json/.npz）
  **.npz 中 ndim>=3 的数组 = 0**  ← 这是唯一能承载
      『(1,512,40,40) 空间激活图』的容器；json 的 rank 只是**嵌套深度**、不是张量秩。
    [json 嵌套深度, 非张量] _v10_stages.json  max_rank=3
    [json 嵌套深度, 非张量] _v7_vectors.json  max_rank=4
    [json 嵌套深度, 非张量] _v8_probes.json  max_rank=3
    [json 嵌套深度, 非张量] _v2_records.json  max_rank=3
    [json 嵌套深度, 非张量] _v2_visual.json  max_rank=3
    [json 嵌套深度, 非张量] _v3_analysis.json  max_rank=3
  ⇒ **零** 个 artifact 含 ndim>=3 的数组 ⇒ 全部落盘内容都是 (n, C) 单 cell 向量或标量。

  各 artifact 记录的『空间』内容（人工核对源码后确认）：
    _v11_layers.npz        每 (层,组) 一个 (n, C) 矩阵 = **GT 中心单 cell 向量**；无邻域、无整图
    _v11_ids.json          G1/G4/TS 的 key 列表
    _v11_traj.json         每层标量：auc / c1(质心 cos) / n1,n4,nT(组均值范数) / knn
    _v7_vectors.json       每 GT：p3(256)、h(256) —— 仍为 **单 cell 向量** + 标量 logit_decomp
    _v10_stages.json       每 GT：P3/S1/S2 各 256 维 —— 单 cell
    _v9_attrib.json        每 GT：zA_p3 / zA_h **标量**
    _v8_probes.json        探针权重 wA/wB/wC(256) + 精度 **标量** —— 非 class 探针
    _v12_patch.json        每 GT：donor key、y17/x17/y16/x16、L17_norm/L23_norm 标量 + 各干预 Δlogit
    _v13_dose.json         每 GT：base/R0-R3/disp 的 **logit 标量** + L23 的 norm/cos 标量
    _v14_upstream.json     每 GT：L12-L15 的 Δlogit 标量 + L23norm 标量

  ⇒ 结论：协议 §5(mass_inside/1.5x/2x/ring) / §6(inside-vs-outside) / §7(peak·top-k coverage)
     / §8(entropy·effective area) 所需的 **干预前/后 L17 (1,512,40,40) 激活图** 在全部 artifact 中
     **不存在**；协议 §9 所需的 **干预后非目标类投影** 也从未落盘（只记录了目标类一个标量）。
  ⇒ 这四项按协议 §2/§3 = **UNAVAILABLE**。**不自行 forward 补数据**（协议 §2、§16-D）。
================================================================================================================
[§B1] §3 donor / 坐标 / 量级 的 artifact 可用性与逐条对账
================================================================================================================
  G1 identities                V13 `grp=='G1'` + `_v3_analysis.json.E1`                           n=38   AVAILABLE
  G4 identities                `_v11_ids.json.G4`                                                 n=194  AVAILABLE
  G2 identities                `_v3_analysis.json.controls`                                       n=38   AVAILABLE
  donor identities             **V13 未落盘**；但 V12 `donor` 字段（同一规则/同一池）有 → 用 V12 对账                        AVAILABLE(跨 artifact)
  donor layer                  17 (V13/V12 硬编码)                                                          AVAILABLE
  donor spatial coords         donor 在 **其自身图像** 的 GT cell（x17/y17 见 V12）                                AVAILABLE(部分)
  intervention spatial coords  V12 `y17,x17` / `y23,x23`；V13 未落盘（可由 native GT 确定性重算）                     AVAILABLE(部分)
  displaced-control coords     V13: (y0, x0±{4,5})；V12: (y17+3, x17) —— **两轮定义不同**                       AVAILABLE
  intervention magnitude       V12/V13 未落盘**向量本身**，但 donor 向量可由 `L17_G4[i]` 精确复原                         AVAILABLE(复原)
  original logits              V13 `base_logit` / V12 `base_logit`                                       AVAILABLE
  intervened logits            V13 `R*_raw/norm/rnd_logit`, `disp*_logit`; V12 各干预 `_logit`              AVAILABLE

  donor 身份确定性重算 vs V12 落盘 `donor` 字段（逐条对账）：
    G1 donor 对账： match 38/38  ✅ 完全一致 ⇒ V13 的 donor 身份可由 V12 落盘字段无歧义复原
    V12 `n_donor_cand` == V13 `n_donor` 的条数： 38/38  ✅

================================================================================================================
[§B2] §4 重建已有 causal effect（只读；**不以 logit>0 作 success criterion**）
================================================================================================================
  §4 字段表示例（前 3 条 G1）：
           key         cls          sq       donor         y17         x17   orig_norm  donor_norm  norm_ratio  base_logit  R0_raw_dlogit  disp4_dlogit  disp5_dlogit
    000004_011_00000001#0           4     15.3043    003304#6          13          27      7.2275     10.1114      1.3990    -20.7484      3.9172     -0.0013     -0.0019
    000006_011_00000307#5           0     15.3333   003304#10          16          26      8.8500      9.6118      1.0861    -14.2343      7.1537     -0.0057     -0.0073
    000006_011_00000307#6           0     14.6515   003304#10          16          21      9.9590      9.6118      0.9651    -15.4633      9.5627     -0.0034     -0.0073

  setting        n     median                 IQR      mean    %>0                  boot95  Wilcoxon p
  R0_raw        38     5.8687     [+2.015,+9.540]    6.0897  89.5%         [+4.061,+8.497]   3.136e-08
  R1_raw        38     7.6327    [+3.234,+12.518]    7.5859  84.2%        [+4.820,+10.612]   1.265e-08
  R2_raw        38     7.7296    [+3.220,+12.449]    7.5385  84.2%        [+5.226,+11.130]   1.481e-08
  R3_raw        38     7.6682    [+3.329,+12.453]    7.5287  84.2%        [+5.194,+11.184]   1.481e-08
  R0_norm       38     1.7628     [+0.183,+3.311]    2.0189  76.3%         [+0.495,+2.781]   1.409e-04
  R0_rnd        38     4.2723     [+1.345,+9.939]    5.3403  84.2%         [+1.804,+8.606]   8.087e-07
  disp4         38    -0.0038     [-0.008,-0.000]   -0.0056  23.7%         [-0.006,-0.002]   5.485e-06
  disp5         38    -0.0045     [-0.009,-0.001]   -0.0069  13.2%         [-0.007,-0.003]   5.184e-07
  G4_R0_raw    194    -0.0976     [-1.356,+0.141]   -0.7434  34.0%         [-0.244,-0.018]         nan
  G4_R2_raw    194    -0.4887     [-3.276,+0.070]   -1.8031  28.4%         [-1.072,-0.297]         nan

  ✅ 判据 G1 Δ ≫ displaced control Δ： R0_raw 中位 +5.8687 vs disp4 -0.0038 / disp5 -0.0045   ⇒ 差 ~5.9
  ✅ 判据 G1 Δ ≫ G4 Δ： R0_raw G1 +5.8687 vs G4 -0.0976；R2_raw G1 +7.7296 vs G4 -0.4887

================================================================================================================
[§C] §10 位移控制 —— 空间特异性的**直接可测量**（协议 §10 的『已有 displaced control』）
================================================================================================================
  V13 disp+4（同 donor 向量、同幅值、沿 x 平移 4 cells，读同一 GT cell 的 logit）：
    Δlogit 中位 -0.00385  IQR [-0.00808,-0.00046]  %>0 23.7%  Wilcoxon p=5.485e-06
    配对 (R0_raw − disp+4)：中位 +5.8711  boot95 [+4.0628,+8.5125]   Cliff's δ=+0.7895
  V13 disp+5（同 donor 向量、同幅值、沿 x 平移 5 cells，读同一 GT cell 的 logit）：
    Δlogit 中位 -0.00452  IQR [-0.00894,-0.00140]  %>0 13.2%  Wilcoxon p=5.184e-07
    配对 (R0_raw − disp+5)：中位 +5.8685  boot95 [+4.0662,+8.5231]   Cliff's δ=+0.7895
  V12 L17_displaced（同一 donor 向量，沿 **y +3 cells**，独立第二轮）：
    n=38  Δlogit 中位 -0.00535  %>0 34.2%  Cliff's δ(vs R0)=+0.7895

  ⇒ **effect 的空间特异性 SUPPORTED**：把同一向量、同一幅值搬到 +4/+5（V13）或 +3（V12）
     cells 外，Δlogit 从 ~+5.9 掉到 ~−0.004（相差 3 个数量级）。
  ⚠ 但这是『**注入位置**的特异性』，**不是**协议 §5–§8 问的『表征是否更集中于目标』。前者可测，后者不可测。

================================================================================================================
[§D] 代理量（**明确标注为 §5–§9 不可测时的最近替代**）：L17 向量几何 ——『更像目标』的内容面
================================================================================================================
  质心范数： ||μ_TS||=3.271  ||μ_G4||=3.730  ||μ_G1||=4.049
  质心互 cos： cos(μ_G1,μ_TS)=+0.5833  cos(μ_G4,μ_TS)=+0.8090

  G1  n=38   cos(v, μ_TS) 中位 +0.3080  ||v|| 中位 7.8504  均值 8.1507
  G4  n=194  cos(v, μ_TS) 中位 +0.3435  ||v|| 中位 9.1668  均值 9.1273
  TS  n=467  cos(v, μ_TS) 中位 +0.3320  ||v|| 中位 9.5468  均值 9.7437
  （与 `_v11_traj.json` 的 n1/n4/nT 对账：L17 n1=7.850 n4=9.167 nT=9.547）
    G1: 本轮 mean ||v||=8.1507  vs V11 traj n1=7.8504  Δ=+0.3004
    G4: 本轮 mean ||v||=9.1273  vs V11 traj n4=9.1668  Δ=-0.0396
    TS: 本轮 mean ||v||=9.7437  vs V11 traj nT=9.5468  Δ=+0.1969

  逐目标（G1 n=38）：original 的 cos(ov, μ_TS) 中位 +0.3080 → donor 的 cos(dv, μ_TS) 中位 +0.3006   Δ中位 +0.0303
  下游 L23 对照（V13 已落盘）：cos 中位 base +0.6958 → R0 +0.6535   Δ中位 -0.0295  ⇒ **L23 侧并未更靠向 TS 质心，反而略降**

  --- 幅值 vs 方向 的定量分解（协议 §9 的『70% 来自幅值』复核）---
    raw   中位 +5.8687   （dv：donor 的方向 + donor 的幅值）
    norm  中位 +1.7628   （dv 的方向 + **原 cell 的幅值**）⇒ 纯方向贡献
    raw−norm 中位 +3.1356  ⇒ 纯幅值贡献占 raw 的 53.4%
    rnd   中位 +4.2723   ⇒ 任意同类别成功小目标的向量拿到 raw 的 72.8%

    ⚠ **方法学敏感性（必须同读）**：`median(raw) − median(norm)` 与 `median(raw − norm)` 是
       **不同目标的中位数**，两者不相等。三个估计量给出不同的『幅值占比』：
           R   med(raw)  med(norm)  paired med     share  diff-of-med     share mean share
          R0     5.8687     1.7628      3.1356     53.4%       4.1059     70.0%      66.8%
          R1     7.6327     1.7984      3.9988     52.4%       5.8343     76.4%      64.2%
          R2     7.7296     2.0272      4.0587     52.5%       5.7024     73.8%      63.1%
          R3     7.6682     2.0094      4.0272     52.5%       5.6588     73.8%      63.2%
      ⇒ 稳健结论：**幅值占主导，但方向不可忽略**；幅值占比的估计在 52%–74% 之间随估计量变化，
        **本报告不挑选其中任何一个作为定论**（协议 §8 的『不要为了更好结果而选择方法』）。
        V13 报告的『约 70%』= `diff-of-medians` 口径（R3: 73.8%）。
    范数比 ρ=||dv||/||ov||：中位 1.3192  IQR [1.055,1.421]  %>1 78.9%

  --- 相关检验（exploratory；n=38，multiple-comparison burden 高）---
    Δraw vs ρ（幅值比）                                   Spearman ρ=+0.2505  p=0.1293  n=38
    Δraw−Δnorm（幅值分量） vs ||dv||−||ov||                Spearman ρ=+0.4619  p=0.003507  n=38
    Δnorm（方向分量） vs cos(ov,dv)                        Spearman ρ=-0.1933  p=0.245  n=38
    Δnorm（方向分量） vs Δcos-to-μTS（更像目标的程度）              Spearman ρ=+0.3001  p=0.06719  n=38
    Δraw vs Δcos-to-μTS                              Spearman ρ=-0.0717  p=0.6689  n=38
    Δraw vs ΔL23cos                                  Spearman ρ=-0.2524  p=0.1263  n=38

  ⇒ 读者须知：上述 6 项检验属 **exploratory**，且 §D 的向量几何 **不是** 协议 §5–§9 要求的量。
     它回答的是『donor 把 L17 的**内容**改成了什么』，不是『激活是否更集中于目标框』。

================================================================================================================
[§E] §11 G4 specificity + 「G4 无效应」的机制检验（范数赤字是否为 G1 特有）
================================================================================================================
  G4 可重建 donor 的条数 = 194 / 194
  ρ=||dv||/||ov||： G1 中位 1.3192   G4 中位 1.0171   MWU p=8.29e-06   Cliff's δ=+0.4577
  ||ov||： G1 中位 7.8504   G4 中位 9.1668

  Δlogit R0： G1 中位 +5.8687   G4 中位 -0.0976   Cliff's δ=+0.7770
  合并 G1+G4（n=232）Δraw vs ρ 的 Spearman： ρ=+0.2501  p=0.000118  （ρ²≈0.063）
  **仅在 G1 内部**（n=38）Δraw vs ρ 的 Spearman： ρ=+0.2505  p=0.129  （ρ²≈0.063）
  ⇒ **部分支持**（必须给出这个限定）：
     (a) G1 的幅值赤字是**真实且 G1 特有**的：||ov|| 中位 7.85 vs G4 9.17；ρ 中位 1.319 vs 1.017（MWU p=8.3e-06）⇒ G4 的 donor 几乎不改变幅值，G1 的则系统性抬高。
     (b) 但 **ρ 只解释 Δraw 方差的 ρ²≈0.06（G1 内部）**：因此『G4 无效应 = G4 无幅值赤字』
         **不能单独**解释全部组间差异 —— Δraw 还有**大量 target-state 相关的方差**。
     ⇒ 结论：效应 **既非纯幅值、也非纯 donor 内容**，而是 **幅值赤字 × target state 的交互**。

================================================================================================================
[§F] §12 Sufficiency —— 优先 Level 1/2/3，实测只有 Level 2（且是代理）
================================================================================================================
  Level 1（candidate / anchor matching / best IoU / n_pos / align）：**UNAVAILABLE**
    —— 该轮 artifact 未落盘任何 candidate 或 assigner 数据；本审计不重跑 forward。
  Level 3（完整 prediction）：**UNAVAILABLE** —— 唯一变化的是 GT-cell 类 logit 标量。
  Level 2（head logits）：**AVAILABLE（仅目标类一个标量）**

  G1 目标类 logit（同一读出口：W_c·h+b_c @ GT cell）：
    base  中位 -14.6341  (p=4.410e-07)
    R0    中位 -8.1538  (p=2.876e-04)
    R3    中位 -6.0705  (p=2.305e-03)
    冻结运行点 conf = 0.0010；R3 中位 p = 2.305e-03

  --- 参考分布（**同一读出口、同一口径**），来自 `_v7_vectors.json` ---
  先验证读数一致：用 checkpoint 的 cv3[0][-1] 权重从 V7 的 h 重算 logit，
  与 V7 落盘的 logit_decomp 对账。
    V1 n=2807  重算−落盘： median|Δ|=3.337e-07  max|Δ|=2.334e-06  ✅ 一致 ⇒ 可用 head 权重做类结构分析

  分布（同一读出口）                             n       p10    median       p90
  G1 base（本轮）                          38   -19.193   -14.634   -10.409
  G1 R0 patched                        38   -16.849    -8.154     0.145
  G1 R3 patched                        38   -16.766    -6.071     0.817
  V1 G4（val success, 同集）              194    -4.990     0.511     1.759
  T1 TS（train success）                467     0.346     1.602     2.155
  V1 其它 small                        2575   -19.531   -13.836     1.889

    G1 R0 patched： G4 中有  86.0% 的值**高于**它  ⇒ G1 R0 位于 G4 分布的 **第  14.0 百分位**
    G1 R3 patched： G4 中有  80.3% 的值**高于**它  ⇒ G1 R3 位于 G4 分布的 **第  19.7 百分位**
    G1 R0 patched： TS 中有  96.6% 的值**高于**它  ⇒ G1 R0 位于 TS 分布的 **第   3.4 百分位**
    G1 R3 patched： TS 中有  95.6% 的值**高于**它  ⇒ G1 R3 位于 TS 分布的 **第   4.4 百分位**

  ⚠ 读法限定：G1 与 G4/TS 是**不同目标、不同图像**（非配对），这是**参考分布比较**，不是配对检验。
     但两者用**同一个读出口**（同一 W_c·h+b_c @ GT 中心 cell、同一 checkpoint），故尺度可比。

  ⇒ **SUFFICIENCY = NOT DIRECTLY MEASURED**（协议 §12 Level 2：无 candidate/matching 数据）。
     可得的最近代理指向 **不足**：即使取**最大**干预 R3（49 cells、oracle 位置、oracle 向量），
     G1 的目标类 logit 中位 -6.071 仍**低于 ~80% 的 val 成功小目标**
     （G4 中位 +0.511），约位于成功分布的第 20 百分位。

  --- §9 语义选择性的『基线侧』可测部分（**干预后不可测**）---
  G1 base： target − max_non_target 中位 +2.4258  IQR [-0.312,+4.812]
  G1 base： 目标类的排名（1=已是最高）中位 1  排名=1 的比例 68.4%
  ⚠ 这是 **干预前** 的类结构。干预后的非目标类投影 **从未落盘** ⇒ §9 的 before/after 比较 = UNAVAILABLE。

================================================================================================================
[§G] §17 为什么 V13 L17 donor replacement 有强 effect，而 E1 RegionResponseGain 无 measurable gain？
================================================================================================================
  M1 donor replacement 是 content-specific
      → **NOT SUPPORTED**：随机同类别 donor 拿到 raw 效应的 72.8%（+4.272 vs +5.869）
  M2 E1 是 generic gain
      → **PARTIALLY SUPPORTED**：donor 效应**由幅值主导**（幅值占比 53%–70%，视估计量），与 E1 的『增益』族同类；但**方向分量仍占约 30%**（+1.76），故 E1 的『只有增益、没有内容』并非完整解释
  M3 donor 改 spatial pattern，E1 只改 amplitude
      → **NOT SUPPORTED（作为主因）**：donor 的**方向**分量只有约 30%（+1.76），幅值分量为主 ⇒ donor 效应的**主体本身就是 amplitude**，所以『E1 只改 amplitude』**不能**解释 E1 为何无效（协议 §7 的『整个 feature map 一起变亮 = gain 不是 selectivity』这一形态，在本轮**无法直接测量**——见 §A UNAVAILABLE）
  M4 donor 影响 class-specific representation
      → **UNAVAILABLE**（§9 干预后类结构未落盘）；仅有的下游代理（L23 vs TS 质心 cos）**反而下降** -0.0295，不支持该机制
  M5 E1 的 intervention location/parameterization 不等价
      → **SUPPORTED（结构性）**：V13 是在 **GT 中心单 cell** 上做 **oracle 向量替换**、**冻结模型、推理态**；E1 是在 L13/L15/L17 上 **全局乘性增益**，必须由 SGD 在训练中自行发现
  M6 causal effect 是局部、条件性的，不适合全局训练
      → **SUPPORTED**：效应被 ±1 cell 邻域绑住（R0→R1 +1.76，R2/R3 增量为 +0.10/−0.06，饱和），且位移 +4/+5 即归零；这是一个 **spatially bound、oracle-positioned** 的效应

  **最重要的一条（artifact 直接支持，且独立于上表）：**
    V13 的最强干预（R3，49 cells）只把中位 logit 推到 -6.071（p=2.30e-03），而 val 成功小目标（G4）的 logit 中位是 +0.511。
    换言之：**一个『全知位置、全知向量』的 oracle 编辑，都没能把 hard-miss 推到成功区间。**
    E1 是一个必须在训练中被学出来的**全局**增益，其可达效果只能更小 ⇒ E1 的 null result
    **与 V13 的强 effect 并不矛盾**：V13 证明的是「L17 参与因果」，不是「增强 L17 足以检出」。

================================================================================================================
[§H] 统计口径声明
================================================================================================================
  • n(G1)=38, n(G4)=194, n(TS)=467；协议 §14 要求：不仅报 mean —— 表中均给 n/median/IQR/mean/
    bootstrap 95% CI；配对量用 paired bootstrap + Wilcoxon + Cliff's delta。
  • **所有跨组/跨指标比较均标记 exploratory；multiple-comparison burden 高**（§D 6 项 + §E 4 项
    + §F 多项）。**不从单个显著指标下总判断**；未做（也不主张）任何多重比较校正后的显著性声明。

[saved] D:\gyt\AIC\urban_multimodal_detection\diagnostic\l17_selectivity_audit\_tables.json
[saved] D:\gyt\AIC\urban_multimodal_detection\diagnostic\l17_selectivity_audit\_results.npz
