==============================================================================
T1 / T2 / V1 三域对照（同一 frozen D′，同一 measure()）
==============================================================================
WARNING ⚠️ YOLOv9 `Silence` module is deprecated in favor of torch.nn.Identity. Please delete local *.pt file and re-download the latest model checkpoint.
Transferred 661/661 items from pretrained weights
  seed=20260927  topk=10  stride=[8.0, 16.0, 32.0]
[34m[1mval: [0mScanning D:\gyt\AIC\urban_multimodal_detection\data\processed\rgbid_split_train\labels\train\visible.cache... 1600 images, 0 backgrounds, 1 corrupt: 100%|██████████| 1600/1600 [00:00<?, ?it/s][34m[1mval: [0mScanning D:\gyt\AIC\urban_multimodal_detection\data\processed\rgbid_split_train\labels\train\visible.cache... 1600 images, 0 backgrounds, 1 corrupt: 100%|██████████| 1600/1600 [00:00<?, ?it/s][34m[1mtrain: [0mWARNING ⚠️ D:\gyt\AIC\urban_multimodal_detection\data\processed\rgbid_split_train\images\train\visible\000013_046_00000202.png: 1 duplicate labels removed
[34m[1mtrain: [0mWARNING ⚠️ D:\gyt\AIC\urban_multimodal_detection\data\processed\rgbid_split_train\images\train\visible\003107.png: ignoring corrupt image/label: non-normalized or out of bounds coordinates [     1.0065]
[34m[1mtrain: [0mWARNING ⚠️ D:\gyt\AIC\urban_multimodal_detection\data\processed\rgbid_split_train\images\train\visible\hehe_10_00000044.png: 1 duplicate labels removed

[34m[1mtrain: [0mScanning D:\gyt\AIC\urban_multimodal_detection\data\processed\rgbid_split_train\labels\train\visible.cache... 1600 images, 0 backgrounds, 1 corrupt: 100%|██████████| 1600/1600 [00:00<?, ?it/s][34m[1mtrain: [0mScanning D:\gyt\AIC\urban_multimodal_detection\data\processed\rgbid_split_train\labels\train\visible.cache... 1600 images, 0 backgrounds, 1 corrupt: 100%|██████████| 1600/1600 [00:00<?, ?it/s][34m[1mtrain: [0mWARNING ⚠️ D:\gyt\AIC\urban_multimodal_detection\data\processed\rgbid_split_train\images\train\visible\000013_046_00000202.png: 1 duplicate labels removed
[34m[1mtrain: [0mWARNING ⚠️ D:\gyt\AIC\urban_multimodal_detection\data\processed\rgbid_split_train\images\train\visible\003107.png: ignoring corrupt image/label: non-normalized or out of bounds coordinates [     1.0065]
[34m[1mtrain: [0mWARNING ⚠️ D:\gyt\AIC\urban_multimodal_detection\data\processed\rgbid_split_train\images\train\visible\hehe_10_00000044.png: 1 duplicate labels removed

[34m[1mval: [0mScanning D:\gyt\AIC\urban_multimodal_detection\data\processed\rgbid_split_train\labels\val\visible.cache... 400 images, 0 backgrounds, 2 corrupt: 100%|██████████| 400/400 [00:00<?, ?it/s][34m[1mval: [0mScanning D:\gyt\AIC\urban_multimodal_detection\data\processed\rgbid_split_train\labels\val\visible.cache... 400 images, 0 backgrounds, 2 corrupt: 100%|██████████| 400/400 [00:00<?, ?it/s][34m[1mval: [0mWARNING ⚠️ D:\gyt\AIC\urban_multimodal_detection\data\processed\rgbid_split_train\images\val\visible\000050.png: ignoring corrupt image/label: non-normalized or out of bounds coordinates [     1.0034       1.001]
[34m[1mval: [0mWARNING ⚠️ D:\gyt\AIC\urban_multimodal_detection\data\processed\rgbid_split_train\images\val\visible\003817.png: ignoring corrupt image/label: non-normalized or out of bounds coordinates [     1.0019]

  T1 dataset n=1599 (train 图, 无增强)
  T2 dataset n=1599 (train 图, 真实 pipeline)
  V1 dataset n=398 (val 图, 无增强)
  [T1] 1926 GT 记录
  [T2] 3193 GT 记录
  [V1] 2807 GT 记录
[saved] D:\gyt\AIC\urban_multimodal_detection\diagnostic\small_object_domains\_v6_domains.json  (7926 条)
