====================================================================================================
§2 PROVENANCE
====================================================================================================
  [PASS] best.pt     1cae45f75693f54146e35c5fa076c0a6f78ca1cfa95595de74d959f40fae4fda
  [PASS] tal.py      aae7e8ac438f00cda88d7e151795b3f78270ec4ed56b883f413fd16233b7e527
  [PASS] loss.py     0f092cf22a372f6d5c5e7197d7adde51cbb23c02ac4522978f42df5b23a6543b
  [PASS] base.py     8bcf834930155bd58a99ccfc5e87113398f740aeb720b5827ff05ba45c5871d9
  [PASS] train cfg   a4e329cfc3d220206448cdd3377c1b3f5126c50f13c907ada522d98725486e12
  [PASS] model yaml  9b14f2946073338414b4441784b6df87a868b982be32ac8d50b6d1c4a17f3dd8
  PREV diagnostics SHA（供 C2 比对）: sup=51a9232dfaffd2b1  tal=08058c1a87a3a525  cau=7041256d270bf433  att=62dbc551f4703bb3

PROVENANCE_STATUS = PASS

====================================================================================================
§3-§6 结构审计（详见 architecture_path.md）
====================================================================================================
  FIRST_MODALITY_FUSION = Concat([2,4,6]) @ yaml:53  ->  64ch（RGB48 + IR8 + Depth8）
  CLS_BOX_REPRESENTATION = 共享 backbone+neck+P3/P4/P5；进 head 后 **完全分离** 的两条 tower
     cv2(box) 64ch 2xConv3x3 + 1x1 ; cv3(cls) 256ch 2x(DWConv+Conv) + 1x1  ⇒ 分类 tower 宽 **4x**
  channel compression: 48+8+8 = 64 -> 64 (L7->L8 是 64->128 扩张) ⇒ **无压缩**
  MODALITY_INTERACTION_EXISTS = TRUE ; MODALITY_HARM = NOT_OBSERVABLE

====================================================================================================
§17 classification bias initialization
====================================================================================================
  bias_init 调用点: ultralytics/nn/tasks.py:373 `m.bias_init()`（'only run once'）
  head.py:141:  b[-1].bias.data[:nc] = log(5/nc/(640/s)^2)   ⇒ stride-8 初值 = -9.6395
  训练后实测 model.30.cv3.0.2.bias: min=-9.8906 max=-9.6719 mean=-9.7949
  ⇒ 位移 = -0.1554（300 epoch 内**几乎未离开初值**）
  注：ultralytics 的公式把 640 硬编码；imgsz=1280 的等效先验应为 log(5/12/(1280/8)^2) = -11.0258（比初值低 1.39 nats）

====================================================================================================
§7/§14 既有 frozen feature inventory
====================================================================================================
  [YES                                       ] p3                       model.model[23] 输出（P3 颈特征）256ch
  [YES                                       ] h                        Detect.cv3[0][-1] 的输入（分类头前置特征）256ch
  [YES                                       ] logit_decomp             W_gt·h+b_gt = GT 类 logit（stride-8 分支，GT 中心 cell）
  [NO(仅 small-object 组，不含 medium 86)         ] L9..L23_{G1,G4,TS}       逐层池化特征向量（G1=38 小目标硬漏 / G4=194 小目标检出 / TS=467）
  [NO(仅 small G1，且为干预实验)                     ] g1_orig_vec/g1_donor_vec/... L17 局部 cell 向量与干预后 logit
  [PARTIAL(仅输入侧、非表征侧)                        ] *_rgb_contrast/*_ir_contrast/*_raw_std/... GT 框内**输入图像**统计（非特征）
  [PARTIAL(候选级，非特征级)                         ] cand_cls/cand_ciou/cand_align TAL 正样本池候选的预测 cls/CIoU/align（**cand_align 为 post-mask_pos**）
  FEATURE_TENSOR_AVAILABLE = YES（p3 / h / logit_decomp，val 全覆盖；但 **无 per-modality 特征**）

====================================================================================================
§9-§11 86 条的表征级读数 + 匹配对照
====================================================================================================
  V1 行 = 2807（全部 val GT）  86 条覆盖 = 2807
  medium val GT = 1320   86 条 = 86
  per_gt_representation_audit.csv: 1320 行

  组                                               GT类 logit       特征项 W·h      |p3|      |h|
  G-86（几何≥.50 且 final=0）            n=86    logit med= -16.719  feat-term med=  -6.965  |p3| med=   6.15  |h| med=  40.38
  G3-control（medium 已检出 IoU>=.5）    n=1070  logit med=   0.883  feat-term med=  10.634  |p3| med=   7.68  |h| med=  51.51
  medium 未检出（非 86）                  n=164   logit med= -11.010  feat-term med=  -1.252  |p3| med=   6.53  |h| med=  43.95

  ★ 分解：86 的 logit 中位 -16.719 = bias(-9.758) + 特征项(-6.965)
           对照 的 logit 中位 0.883 = bias(-9.758) + 特征项(10.634)
    ⇒ 特征项差 = -17.600 nats；bias 项差 = +0.000 nats
    ⇒ **塌陷主要是特征项造成的**（bias 为全位置共享常数，无法产生位置差异）

====================================================================================================
§10/§11 class-level（descriptive only，不做 ranking）
====================================================================================================
  class          n_medium   n_86 collapse_rate  logit med  feat med  P(86|feat)
  person              482     25        0.0519     -1.049     8.670      0.0519
  boat                 12      0        0.0000     -4.853     4.897      0.0000
  animal              359     16        0.0446      0.069     9.827      0.0446
  seat                 17      1        0.0588    -15.068    -5.216      0.0588
  sign                 84     13        0.1548      0.920    10.772      0.1548
  bicycle              50     10        0.2000     -3.054     6.789      0.2000
  car                 167      3        0.0180      1.619    11.510      0.0180
  ball                 11      2        0.1818      1.797    11.625      0.1818
  light               102     13        0.1275    -13.018    -3.347      0.1275
  garbage_can          24      3        0.1250     -1.361     8.366      0.1250
  uav                  12      0        0.0000    -17.767    -7.970      0.0000

====================================================================================================
CONSISTENCY CHECKS
====================================================================================================
  [PASS] C1 provenance（6 项 SHA == 记录）  
  [PASS] C2 no mutation（前四轮 diagnostic SHA 未变）  sup=51a9232dfaff tal=08058c1a87a3 cau=7041256d270b att=62dbc551f470
  [PASS] C3 no GPU（全程 torch CPU / numpy）  torch.cuda.is_available()=False
  [PASS] C4 no forward / no predict（本脚本无任何 model(...) 调用）  仅 torch.load 读 state_dict
  [PASS] C5 no training / no backward / no optimizer  
  [PASS] C6 field semantics（logit_decomp == W_gt·h+b_gt 逐行验证）  max|resid|=2.16e-06 over 400 sampled rows + 4960 rows earlier
  [PASS] C7 no leakage（86 条为 val GT，未当作训练监督实例）  sample_scope 在 CSV 中以 frozen_best_same_iou / detected 标注
  [PASS] C8 no causal overclaim  全部结论用 OBSERVED / CONSISTENT_WITH / STRUCTURALLY_PLAUSIBLE / NOT_OBSERVABLE
  [PASS] C9 numeric safety  p3/h 无 NaN=True; logit 有限=True
