============================================================================================================
TRAIN-SIDE NATIVE-SMALL GT-CLASS RESPONSE —— 分析
============================================================================================================
[来源 A] `_v7_vectors.json` T1 域：n=2153，stems=300（seed=20260928；`_v7_extract.py` 用 mode=val + augment=False over **train** images，
         但 `model.model[-1].train()` ⇒ head 的 cv3 BN 用 **batch 统计**，非部署口径）
  连到 native：成功 2153 / 2153；丢弃 0（原因：Counter()）
  图像数 = 300
[来源 B] 本轮 forward：n_processed=1599 n_gt=11560  ckpt_sha=1cae45f75693f541

============================================================================================================
[§4] MAIN RESPONSE TABLE（GT-class raw logit；native 分桶）
============================================================================================================
  --- 来源 A：`_v7_vectors` T1（head=train 模式，**L0=stride-8**） ---
  native scale    n GT    median      P25      P75   median σ   % < −10    % > 0
  small            238    1.3837    0.656    1.685   0.799589      1.7%    87.4%
  medium          1015    1.7885    0.929    2.162   0.856749     12.3%    78.3%
  large            900  -17.8500  -19.738  -16.242   0.000000     98.6%     0.2%

  --- 来源 B：本轮 forward（**eval 模式**，L0 = stride 8） ---
  native scale    n GT    median      P25      P75   median σ   % < −10    % > 0
  small           1392    1.4876    0.954    1.775   0.815716      1.0%    89.1%
  medium          5536    1.8828    1.147    2.134   0.867935     12.5%    78.7%
  large           4632  -17.7045  -19.855  -16.023   0.000000     98.7%     0.1%

  --- 来源 B：本轮 forward（**eval 模式**，L1 = stride 16） ---
  native scale    n GT    median      P25      P75   median σ   % < −10    % > 0
  small           1392    0.6975   -1.603    1.452   0.667634      3.4%    63.1%
  medium          5536    1.9986    1.592    2.348   0.880650      2.4%    92.8%
  large           4632    2.5511  -14.780    2.886   0.927646     33.5%    65.3%

  --- 来源 B：本轮 forward（**eval 模式**，L2 = stride 32） ---
  native scale    n GT    median      P25      P75   median σ   % < −10    % > 0
  small           1392   -9.3643  -13.643   -3.081   0.000086     46.7%     6.3%
  medium          5536  -13.3676  -14.795  -10.693   0.000002     77.5%     2.5%
  large           4632  -13.6312  -15.219    2.872   0.000001     64.1%    34.2%

============================================================================================================
[§6] DISTRIBUTION（分位数；来源 A 的 native-small）
============================================================================================================
  small    n=238   median=+1.3837 P10=-0.212 P25=+0.656 P50=+1.384 P75=+1.685 P90=+1.922 min=-18.44 max=+2.28
  medium   n=1015  median=+1.7885 P10=-12.529 P25=+0.929 P50=+1.789 P75=+2.162 P90=+2.418 min=-23.37 max=+3.20

  native-small 直方图（n=238）：
    [ -60,-20)  n=    0    0.0%  
    [ -20,-12)  n=    2    0.8%  
    [ -12, -8)  n=    4    1.7%  #
    [  -8, -4)  n=    2    0.8%  
    [  -4, -2)  n=    7    2.9%  #
    [  -2,  0)  n=   15    6.3%  ###
    [   0,  2)  n=  195   81.9%  #########################################
    [   2, 20)  n=   13    5.5%  ###
  低响应占比 (<−10) = 1.7%；高响应 (>0) = 87.4%

  **来源 B（全量 1599 图、eval 模式）native-small 直方图（n=1392）**：
    [ -60,-20)  n=    1    0.1%  
    [ -20,-12)  n=   10    0.7%  
    [ -12, -8)  n=   17    1.2%  #
    [  -8, -4)  n=   10    0.7%  
    [  -4, -2)  n=   27    1.9%  #
    [  -2,  0)  n=   87    6.2%  ###
    [   0,  2)  n= 1136   81.6%  #########################################
    [   2, 20)  n=  104    7.5%  ####
  低响应占比 (<−10) = 1.0%；高响应 (>0) = 89.1%
  P10=-0.128 P25=+0.954 P50=+1.488 P75=+1.775 P90=+1.950 min=-20.32 max=+2.66
  ⇒ 形状：**以 +1.5 附近为单峰主导 + 一条小的低响应尾**；
     **不是**两个相当规模的 mode。按协议 §8 的「双峰」条款，此处不构成需单独报告的双峰。
     低尾规模：<−10 占 1.0%（14/1392）。

============================================================================================================
[§9] CLASS ANALYSIS（native-small，**来源 B**，n 大得多）
============================================================================================================
  native-small n=1392
  class         n small GT  median logit      P25      P75   % < −10
  person               706        1.3021    0.652    1.665      0.8%
  boat                  17        1.1782    0.717    1.412      0.0%
  animal               107        1.6303    1.284    1.827      0.0%
  seat                  30        1.7098    1.536    1.850      0.0%
  sign                 124        1.6887    1.492    1.862      0.0%
  bicycle               76        1.5639    1.194    1.694      0.0%
  car                   97        1.4754    1.161    1.710      0.0%
  ball                  22        1.7078    0.748    2.069      4.5%
  light                 56        1.5538    1.068    1.770      3.6%
  garbage_can           39        1.2874    0.901    1.738      0.0%
  uav                  118        1.8571    1.575    2.002      4.2%

  （n≥30 的类，9 个）median 范围 [+1.287, +1.857]，类间跨度 **0.570 logit**
    最低 garbage_can +1.287；最高 uav +1.857
  ⇒ 类间跨度 0.570 logit ≪ 「train small (+1.49) vs val missed (−12.15)」的 13.6 logit 落差
     ⇒ **不是某几个类特有的问题，是尺度/整体的**。

============================================================================================================
[§10] FORWARD 数据口径
============================================================================================================
  train 图像文件 = 1600；dataset 载入 n = 1599（1 张 `003107.png` 坐标越界被自动剔除）
  实际处理图像 = 1599 / 1599（全部成功）；n_images_ok = 1599
  GT 行 = 11560；丢弃 = 0（原因：无）
  native-small GT = 1392
  无法映射 native 尺寸/标签行的 GT = 0
  非有限 logit 的 GT = 0；finite 标志为真的 = 11560
  坐标映射告警（归一化坐标与 label 行不一致 >1e-3）= 11446；coord_resid max = 4.664e-01
  ⚠ 我在 `_run.py` 里写的 `coord_resid` 检查**是错的**：它拿**原始图像归一化**坐标去比
     dataset 的**letterbox 画布归一化**坐标，两者本就不同（长边缩放+padding 会改变归一化值）。
     正确的坐标链校验改为**离线重算**（§11b），不需要再 forward。
  dataset 侧去重：`000013_046_00000202.png` 与 `hehe_10_00000044.png` 各去掉 1 条重复 label
  （原始 label 去重后 11567 行；本轮 forward 得到 11560 行；差 7 = dataset 的去重/剔除口径）
  ⇒ **无静默丢弃**：所有被排除项都已列出。

============================================================================================================
[§5] TRAIN vs VAL 对比
============================================================================================================
  ⚠ train / val **不是 paired**，不做配对检验。
  Population                              n   median GT-class logit来源
  Train native-small (来源 A)             238                  1.3837   _v7_vectors T1 (300 imgs)
  Train native-small (来源 B, L0)        1392                  1.4876   本轮 forward (全量, eval)
  Val native-small detected             223                  0.4873   _v7_vectors V1
  Val native-small missed               148                -12.1473   _v7_vectors V1
  Val native-medium detected           1070                  0.8828   _v7_vectors V1
  Val native-medium missed              250                -14.1531   _v7_vectors V1

  ⇒ 判别：Train native-small 中位 **+1.3837** 落在
     「Val detected (+0.487)」与「Val missed (−12.147)」之间的位置决定 H1/H2。
     （下文 §8 给判定）

============================================================================================================
[§7] CLASS ANALYSIS（native-small，来源 A）
============================================================================================================
  class         n small GT  median logit      P25      P75   % < −10
  person               108        0.8851    0.218    1.411      0.9%
  animal                14        1.5116    1.202    1.836      0.0%
  seat                   6        1.5388    1.459    1.654      0.0%
  sign                  37        1.6320    1.424    1.760      0.0%
  bicycle                3        1.4621    1.380    1.473      0.0%
  car                   23        1.4341    0.945    1.704      0.0%
  ball                   5        1.6155    1.546    2.098     20.0%
  light                 14        1.5405    1.265    1.700      7.1%
  garbage_can            5        1.7338    1.533    2.005      0.0%
  uav                   23        1.5184    0.559    1.785      4.3%

  （n≥15 的类）median 范围 [+0.885, +1.632]，类间跨度 0.747 logit
  ⇒ 若类间跨度 ≪ 「train small vs val missed」的落差，则**不是某几类特有**，而是尺度/整体。

============================================================================================================
[§11] SANITY / CROSS-SOURCE CHECKS
============================================================================================================
  Check A（class channel）+ Check C（spatial coord）：用**两个独立来源在同一批 GT 上的同量**做交叉验证
     （来源 A = 已有 artifact；来源 B = 本轮 forward 的 eval 模式）。
     重叠 GT n=2153（来源 A 的 300 图 ⊂ 来源 B 的 1599 图）
     logit 相关性 Spearman ρ = +0.98355
     差值 |A−B|： median=0.2860  p90=1.2536  max=5.1222
     逐位相等（<1e-3）占比 = 0.33%
     ⚠ 两者**预期不完全相等**：来源 A 的 head 处于 **train 模式**（cv3 的 BN 用 batch 统计），
       来源 B 全程 **eval**（BN 用 running 统计，= 部署口径）。差值即该口径差。
       若两者高度相关且差值同号有界，则两个独立实现读的是**同一个类通道/同一空间位置**。
  Check B（sigmoid）：来源 B 落盘的 `prob_L0` == sigmoid(`logit_L0`)？
     max|Δ| = 0.000e+00   median|Δ| = 0.000e+00   PASS
  Check D（no augmentation）：OV 中 mosaic=0.0 / mixup=0.0 / copy_paste=0.0 / degrees=0.0 /
     shear=0.0 / perspective=0.0 / flipud=0.0 / fliplr=0.5 且 **augment=False**，mode='val'；
     `rect=False`（方形 letterbox，与既有 audit 链一致）⇒ 无任何增强。
  Check E（frozen checkpoint）：RUN.log 首尾 SHA 相同（见 §14 Provenance）。

============================================================================================================
[§11b] 坐标链校验（离线重算，零新计算）
============================================================================================================
  用原始 label 行 + letterbox 数学**离线重算** stride-8 cell 坐标，与 forward 落盘的 `xy_L0` 比对：
     checked = 11552；**完全一致 = 11326（98.04%）**；不一致 = 226
     cls（label 行 vs 落盘 cls）不一致 = 8
     不一致中 **恰好差 1 个 cell 的占 96.9%**；差 >1 cell 的只有 7 条
       ⇒ 前者是 **cell 边界 floor 取整**的亚像素差（dataset 的 `load_image` 用 `min(math.ceil(w*r), imgsz)`，与我的精确 scale 有亚像素差）
       ⇒ 后者的 7 条来自 **dataset 去掉重复 label 导致的 index 位移**（与上表 cls 不一致同源）
       ⇒ 1 个 cell = 8 输入像素，对 native-small 目标只造成轻微位移，**不改变域级结论**
  ⇒ 坐标链（原始归一化 → letterbox 画布 → stride-8 cell，floor+clamp）**98% 逐条复现**，
     残差 2% 已定位并可解释。**Check C PASS**（不是含糊的「看起来对」）。

============================================================================================================
[§8b] val G1 的失败粒度：是 per-GT 还是 per-image？（零新计算，用已有 V1 全 2807 GT）
============================================================================================================
  in G1 images?   bucket        n  median GT-class logit   % < −10
  True            small       115                -6.9069     42.6%
  True            medium      125                -0.4931     24.0%
  True            large        46               -17.4640     97.8%
  False           small       256                -0.9385     18.8%
  False           medium     1195                -1.0336     28.0%
  False           large      1070               -17.4341     97.5%

  ⇒ medium：G1 图内 -0.493 vs 其它图 -1.034  ⇒ 差 +0.540 logit
  ⇒ large：G1 图内 -17.464 vs 其它图 -17.434  ⇒ 差 -0.030 logit
  ⇒ 读法：若 G1 图内的 **medium/large** 也显著更低，则失败带**图像级**成分；
     若只有 small 低、medium/large 正常，则失败是**目标级/尺度级**的。

  ★ 再细分：G1 图内的 native-small 分成 G1 自身 / 非 G1 两份：
     G1 图内 native-small（全部）             n= 115  median=  -6.907  %<−10= 42.6%  %>0= 23.5%
       其中 G1 自身                         n=  38  median= -14.634  %<−10= 89.5%  %>0=  0.0%
       其中**非 G1**                       n=  77  median=  -1.227  %<−10= 19.5%  %>0= 35.1%
     ⇒ 若非 G1 的那部分也低，则赤字**外溢到同图其它小目标**（image×scale 交互）；
        若只有 G1 自身低，则赤字**集中在这些具体目标上**。

[saved] D:\gyt\AIC\urban_multimodal_detection\diagnostic\train_side_cls_response\_tables.json
