============================================================================================================
DEPTH RELIABILITY SMALL-MISS ATTRIBUTION AUDIT（READ-ONLY，无 forward）
============================================================================================================

[G1/G2/G4 恢复]  G1=38  G2=29  v2 records=371
  val 图像 400 张
    ...50 图
    ...100 图
    ...150 图
    ...200 图
    ...250 图
    ...300 图
    ...350 图
    ...400 图
  完成 400 图；GT 记录 2847
  [校验] G1/G2 native_area 与 v2 记录不一致数: 0  (0 = 坐标对应可靠，STOP B 通过)
    G2_matched_control     n=29
    small_hard_miss        n=38
    small_other_miss       n=115
    small_success          n=194

============================================================================================================
§17 ATTRIBUTION MATRIX（depth 指标，native 坐标）
============================================================================================================
  group                     n     GT zero   1.5x zero     2x zero   ring zero valid ratio   depth std   depth IQR    grad med rel deficit enc-collapse
  small_hard_miss          38      1.0000      1.0000      1.0000      1.0000      0.0000    649.6424    819.7500      0.0000      0.6539      0.0000 
  G2_matched_control       29      1.0000      1.0000      1.0000      1.0000      0.0000    410.5519    576.5000      0.0000      0.5947      0.0000 
  small_success           194      1.0000      1.0000      1.0000      1.0000      0.0000    105.1558    104.5000      0.0000      0.3918      0.0000 
  （表内为 median）

============================================================================================================
§11/§12 PAIRED — G1（hard miss） vs G2（已有 matched control），逐对
============================================================================================================
  可用配对 38 / 38；匹配质量：class 一致 33/38；sqrt(area) 差中位 0.64px；aspect 差中位 0.286

  metric                            G1 med    G2 med     配对Δ med  Wilcoxon p   Cliff d     MWU p
  GT zero                           1.0000    1.0000      0.0000       0.918     0.368   0.00572
  1.5x zero                         1.0000    1.0000      0.0000       0.831     0.307    0.0211
  2x zero                           1.0000    1.0000      0.0000       0.935     0.269    0.0439
  ring zero                         1.0000    1.0000      0.0000       0.935     0.270    0.0428
  valid ratio                       0.0000    0.0000      0.0000       0.918     0.435   0.00111
  depth std                       649.6424  566.7275    326.4675         nan    -0.089     0.744
  depth IQR                       819.7500  741.6250    478.0000         nan    -0.156     0.568
  grad med                          0.0000    0.0000      0.0000       0.255     0.204     0.127
  rel deficit                       0.6539    0.5947      0.0000       0.476     0.089     0.506
  enc-collapse                      0.0000    0.0000      0.0000         nan     0.600    0.0275

============================================================================================================
§14 CLASS 分层（G1 vs G2 的 r1_zero_frac 配对差）
============================================================================================================
  class         n_pairs    G1 med    G2 med     Δ med
  person             18    1.0000    1.0000    0.0000
  animal             13    1.0000    0.9410    0.0000
  light               3    0.0051    1.0000   -0.9949  (n<8，仅描述统计)
  sign                2    0.5017    0.9762   -0.4745  (n<8，仅描述统计)
  garbage_can         1    1.0000    1.0000    0.0000  (n<8，仅描述统计)
  ball                1    1.0000    0.0000    1.0000  (n<8，仅描述统计)

============================================================================================================
§15 SIZE 分层（G1 内部按 native sqrt 四分位；与全体 small 成功组对照）
============================================================================================================
  stratum           n_G1  G1 zero med  n_succ  succ zero med         Δ
  S1 (<=p25)          10       1.0000      50         1.0000    0.0000
  S2 (25-50%)          9       1.0000      19         1.0000    0.0000
  S3 (50-75%)          9       1.0000      26         1.0000    0.0000
  S4 (>p75)           10       0.7984      87         1.0000   -0.2016

============================================================================================================
§13 RGB / IR EVIDENCE 分层（图像域对比度，非模型特征；无 forward）
============================================================================================================
  分层                          n_G1  n_succ   G1 zero  succ zero         Δ
  RGB contrast 低(<中位)           19     122    1.0000     1.0000    0.0000
  RGB contrast 高(>=中位)          19      72    1.0000     1.0000    0.0000
  IR contrast 低(<中位)            19      59    1.0000     1.0000    0.0000
  IR contrast 高(>=中位)           19     135    1.0000     1.0000    0.0000

============================================================================================================
§19 REPLICATION（当前原始 depth / exact GT UID 重算；不引用旧数字）
============================================================================================================
  native-small GT 数 = 232；GT box depth zero_frac: 中位 1.0000 p25 1.0000 p75 1.0000 p90 1.0000
  完全 zero 的 small patch 比例 = 80.2%
  全图 depth zero_frac 中位 = 0.4880

[saved] D:\gyt\AIC\urban_multimodal_detection\diagnostic\depth_reliability_small_miss\_tables.json  D:\gyt\AIC\urban_multimodal_detection\diagnostic\depth_reliability_small_miss\_results.npz
EXIT=0
