============================================================================================================
D′ vs F1 —— 同一官方 evaluator / 同一 400 TXT / cap=100 / 不重新推理 / METRIC_A
  images=400  corrupt=2  有效图=398  GT=2807
============================================================================================================
  [Dp] 复刻断言 PASS   mAP50-95=0.51528  mAP50=0.77826  mAP75=0.51096  preds=4482
  [F1] 复刻断言 PASS   mAP50-95=0.51865  mAP50=0.79048  mAP75=0.52265  preds=4793

  Δ(F1 − D′) 官方 mAP50-95 = +0.00336   mAP50 = +0.01222   mAP75 = +0.01169

============================================================================================================
① 配对 image-level bootstrap（B=400，同一重采样索引喂两个模型）
============================================================================================================
  量                                均值Δ                95% CI         P(Δ>0)
  Δ mAP50-95                  +0.00510[-0.00706, +0.01821]  含 0     0.780  点估=+0.00336
  Δ mAP50                     +0.01297[-0.00884, +0.03261]  含 0     0.887  点估=+0.01222
  Δ mAP75                     +0.01084[-0.01862, +0.04409]  含 0     0.775  点估=+0.01169
  Δ IoU .50-.60 段             +0.01232[-0.00748, +0.03162]  含 0     0.880  点估=+0.01158
  Δ IoU .65-.75 段             +0.00962[-0.00695, +0.02907]  含 0     0.843  点估=+0.00967
  Δ IoU .80-.95 段             -0.00371[-0.01630, +0.00996]  含 0     0.290  点估=-0.00753
  Δ [small]（12 类分母）           +0.00584[-0.00453, +0.01586]  含 0     0.882  点估=+0.00677
  Δ [medium]（12 类分母）          -0.00318[-0.01823, +0.00897]  含 0     0.315  点估=-0.00241
  Δ [large]（12 类分母）           -0.00172[-0.01571, +0.01312]  含 0     0.395  点估=-0.00396

============================================================================================================
② 类别分解：AP50-95 + 配对 bootstrap CI（Δ 是否可与 0 区分）
============================================================================================================
  class          GT n       Dp       F1         Δ              95% CI  P(Δ>0)
  tricycle          2   0.7525   0.7020   -0.0505  [-0.0505,+0.0000]   0.000
  sign            150   0.4014   0.3738   -0.0276  [-0.0567,+0.0006]   0.030
  car             288   0.5420   0.5244   -0.0175  [-0.0329,+0.0055]   0.072
  boat             28   0.5340   0.5339   -0.0001  [-0.0788,+0.0706]   0.465
  uav              30   0.5344   0.5372   +0.0028  [-0.0370,+0.0408]   0.545
  animal          731   0.5066   0.5095   +0.0029  [-0.0111,+0.0180]   0.660
  seat            107   0.6306   0.6337   +0.0031  [-0.0189,+0.0245]   0.600
  ball             19   0.4044   0.4080   +0.0036  [-0.0951,+0.0793]   0.590
  person         1045   0.4517   0.4571   +0.0054  [-0.0041,+0.0155]   0.838
  light           244   0.5421   0.5759   +0.0338  [+0.0115,+0.0533]   1.000
  bicycle         106   0.3931   0.4290   +0.0359  [-0.0025,+0.0907]   0.968
  garbage_can      57   0.4907   0.5392   +0.0485  [+0.0067,+0.1024]   0.993

  ΣΔ/12 = +0.00336   负向合计 -0.00798 / 正向合计 +0.01134
  Δ 的 95% CI **不含 0** 的类：3/12 → tricycle(-0.0505, n=2), light(+0.0338, n=244), garbage_can(+0.0485, n=57)
  最负两类合计 -0.07810 = **23.2× 净 ΣΔ**（被正向类抵消后净额很小）；占**负向总量** 82%
  （diag 的 94% 就是 top2/净额，分母是净值 ⇒ 会被放大；负向总量占比才是集中度）

============================================================================================================
③ 尺度分解（native 面积桶；GT 过滤 / 预测不过滤；两列口径）
============================================================================================================
  bucket     GT n       Dp       F1         Δ       Δ重归一化    含GT类数
  all        2807   0.5153   0.5186   +0.0034     +0.0034       12
  small       371   0.0477   0.0545   +0.0068     +0.0074       11
  medium     1320   0.1730   0.1706   -0.0024     -0.0026       11
  large      1116   0.5790   0.5750   -0.0040     -0.0043       11
  注：'Δ重归一化' 只对桶内有 GT 的类求均值，是可比口径；上行 Δ 是官方 12 类分母（零稀释）。

============================================================================================================
④ IoU 区间分解（官方 10 个阈值；bootstrap CI 见 ①）
============================================================================================================
  IoU            Dp        F1         Δ  累计段     
  0.50       0.7783    0.7905   +0.0122
  0.55       0.7635    0.7765   +0.0130
  0.60       0.7284    0.7379   +0.0095
  0.65       0.6958    0.7078   +0.0120
  0.70       0.6468    0.6521   +0.0053
  0.75       0.5110    0.5226   +0.0117
  0.80       0.4115    0.4152   +0.0037
  0.85       0.3150    0.3226   +0.0076
  0.90       0.2074    0.2055   -0.0018
  0.95       0.0953    0.0557   -0.0395
  段均值 Δ：低(.50-.60) +0.01158 | 中(.65-.75) +0.00967 | 高(.80-.95) -0.00753

============================================================================================================
⑤ prediction distribution：计数 / 置信度 / 尺寸 / min_conf 稳健性
============================================================================================================
  [Dp] 预测总数 4482  GT 2807  TP@IoU.50 2295  最大召回 0.8176
  [F1] 预测总数 4793  GT 2807  TP@IoU.50 2305  最大召回 0.8212

  class           GT  pred Dp  pred F1  Δpred  Rmax Dp  Rmax F1   ΔRmax
  person        1045     1895     1922    +27   0.8201   0.8134 -0.0067
  boat            28       81      111    +30   0.9643   0.9286 -0.0357
  animal         731     1010     1083    +73   0.8290   0.8482 +0.0192
  seat           107      154      162     +8   0.8224   0.8037 -0.0187
  sign           150      187      249    +62   0.7000   0.7000 +0.0000
  bicycle        106      171      156    -15   0.6981   0.6887 -0.0094
  car            288      465      502    +37   0.8785   0.8681 -0.0104
  ball            19       27       22     -5   0.6316   0.7368 +0.1053
  light          244      322      384    +62   0.8074   0.8361 +0.0287
  garbage_can     57      107      132    +25   0.7895   0.8070 +0.0175
  uav             30       50       57     +7   0.9667   0.9667 +0.0000
  tricycle         2       13       13     +0   1.0000   1.0000 +0.0000

  min_conf          Dp        F1         Δ    Δ mAP50     preds Dp/F1
  0.0000       0.51528   0.51865  +0.00336   +0.01222     4482/4793  
  0.0010       0.51528   0.51865  +0.00336   +0.01222     4482/4793  
  0.0100       0.50849   0.51234  +0.00385   +0.01089     3318/3362  
  0.0500       0.50313   0.50264  -0.00050   +0.00391     2854/2868  
  0.1000       0.49823   0.49927  +0.00104   +0.00777     2702/2687  
  0.2500       0.49299   0.49195  -0.00105   +0.00284     2487/2480  

  运行耗时 101.2 s
