============================================================================================================
F1 vs D′ —— SMALL-OBJECT SPECIAL ANALYSIS（§35 detection rate / §36 G1 follow-up）
============================================================================================================
  val GT = 2807（与 official_eval 的 2807 同源口径）

============================================================================================================
[§35] SMALL-OBJECT DETECTION RATE（official IoU≥0.5，同类匹配）
============================================================================================================
  bucket      n GTmodel   detected  missed     rate
  small        371D′           223     148   0.6011
  small        371F1           224     147   0.6038
           Δ(F1−D′)                 +0.0027
  medium      1320D′          1070     250   0.8106
  medium      1320F1          1071     249   0.8114
           Δ(F1−D′)                 +0.0008
  large       1116D′          1019      97   0.9131
  large       1116F1          1040      76   0.9319
           Δ(F1−D′)                 +0.0188

  ⇒ native-small：D′ 223/371 = 0.6011 → F1 224/371 = 0.6038　**Δ = +0.0027（+1 个目标）**

============================================================================================================
[§36] G1 FOLLOW-UP（冻结 G1 = `_v3_analysis.json.E1`，38 条；定义未改）
============================================================================================================
  G1 命中 = 38/38
  subset                        nmodel   #IoU==0  #IoU>0  #IoU>=0.5  median best_any
  G1（any-class IoU==0）         38D′           38       0          0           0.0000
  G1（any-class IoU==0）         38F1           33       5          2           0.0000
  non-G1 native-small         333D′           32     301        223           0.6517
  non-G1 native-small         333F1           34     299        222           0.6528

  G1（any-class IoU==0）: D′ 零重叠 38/38 → F1 零重叠 33/38　检出 0 → 2（Δ=+2）
  non-G1 native-small: D′ 零重叠 32/333 → F1 零重叠 34/333　检出 223 → 222（Δ=-1）

============================================================================================================
[附] 每图预测数 / 类分布变化
============================================================================================================
  D′   n_pred 中位=16  mean=25.57  #(=100 cap)=195
  F1   n_pred 中位=16  mean=26.19  #(=100 cap)=195

[saved] D:\gyt\AIC\urban_multimodal_detection\diagnostic\f1_native_small_replay\_small_object.json
