====================================================================================================
§9 INTEGRITY CHECK
====================================================================================================
  G1   L23 vs V10-P3 : n=38 可匹配=38 未匹配=0  max|Δ|=0.000e+00   cos=1.000000
  G4   L23 vs V10-P3 : n=194 可匹配=194 未匹配=0  max|Δ|=0.000e+00   cos=1.000000
  TS   L23 vs V10-P3 : n=467 可匹配=467 未匹配=0  max|Δ|=0.000e+00   cos=1.000000

  P3 一致性: PASS

  抽查（G1 前 3 个）：
    000004_011_00000001#0      L9 shape=(256,) |v|=11.866 | L23 |v|=8.717
    000006_011_00000307#5      L9 shape=(256,) |v|=8.015 | L23 |v|=7.474
    000006_011_00000307#6      L9 shape=(256,) |v|=8.854 | L23 |v|=6.196

====================================================================================================
§7 逐层 trajectory（layer 9 → 23）
====================================================================================================
 lyrmodule                  G1|v|    G4|v|    TS|v|   G1cos   G4cos kNN(G1/TS) kNN(G4/TS)  AUC(G1/TS)  AUC(G1/G4) Cliff(G1/TS)
   9C3k2(P2 bkbn,s4)         7.67     7.17     6.94  -0.056  -0.062     1.4143     1.4117      0.5118      0.5742        1.000
  10Conv(s8)                10.35    10.58    10.53  -0.063  -0.063     1.4092     1.4069      0.5655      0.6447        1.000
  11C3k2(s8)                 8.28     8.07     8.11  -0.113  -0.079     1.4032     1.4156      0.5047      0.6355        1.000
  12Conv(s16)                9.15     9.36     9.43  -0.074  -0.104     1.4163     1.4013      0.6458      0.6138        1.000
  13C3k2(s16)                9.11    10.34    10.44  -0.056  -0.088     1.4134     1.4086      0.6825      0.7451        1.000
  14Conv(s32)               10.20    11.76    12.82  -0.098  -0.140     1.4265     1.4068      0.6740      0.7331        1.000
  15C3k2(s32)               15.00    17.97    18.87  -0.104  -0.154     1.4030     1.4148      0.7629      0.7477        1.000
  16SPPF(s32)               11.47    14.56    14.85  -0.209  -0.164     1.4204     1.4140      0.8450      0.8591        1.000
  17C2PSA(s32)               7.85     9.17     9.55  -0.207  -0.141     1.4196     1.4317      0.8868      0.8173        1.000
  18Upsample(s16)            7.85     9.17     9.55  -0.207  -0.141     1.4196     1.4317      0.8868      0.8173        1.000
  19Concat(s16)             12.58    13.91    14.47  -0.146  -0.119     1.4113     1.4211      0.9014      0.8203        1.000
  20C3k2(s16)                6.24     6.99     7.71  -0.226  -0.117     1.4175     1.4239      0.9097      0.8136        1.000
  21Upsample(s8)             6.24     6.99     7.71  -0.226  -0.117     1.4175     1.4239      0.9097      0.8136        1.000
  22Concat(s8)              10.49    10.85    11.35  -0.169  -0.098     1.4063     1.4220      0.8983      0.7352        1.000
  23C3k2(P3 neck,s8)         6.37     7.40     8.38  -0.428  -0.143     1.4693     1.4599      0.9625      0.8053        1.000

  AUC trajectory
   layer         9      10      11      12      13      14      15      16      17      18      19      20      21      22      23
   G1/TS    0.5118  0.5655  0.5047  0.6458  0.6825  0.6740  0.7629  0.8450  0.8868  0.8868  0.9014  0.9097  0.9097  0.8983  0.9625
   G1/G4    0.5742  0.6447  0.6355  0.6138  0.7451  0.7331  0.7477  0.8591  0.8173  0.8173  0.8203  0.8136  0.8136  0.7352  0.8053

====================================================================================================
§6/§8 FIRST STABLE DIVERGENCE（相对 layer 9；需 AUC↑ + 独立指标同步 + 后续不回落到 baseline）
====================================================================================================
  baseline = layer 9 的 AUC(G1/TS) = 0.5118
   lyr  AUC(G1/TS)   Δ vs L9  Δ(AUC G1/G4)   norm 比 G1/TS  kNN(G1/TS)  判定
     9      0.5118   +0.0000       +0.0000          1.105      1.4143  NO_CLEAR_DIVERGENCE (baseline)
    10      0.5655   +0.0536       +0.0705          0.983      1.4092  DIVERGENCE 起点候选
    11      0.5047   -0.0071       +0.0613          1.021      1.4032  DIVERGENCE 起点候选
    12      0.6458   +0.1340       +0.0396          0.970      1.4163  DIVERGENCE 起点候选
    13      0.6825   +0.1707       +0.1709          0.872      1.4134  DIVERGENCE 起点候选
    14      0.6740   +0.1621       +0.1589          0.795      1.4265  DIVERGENCE 起点候选
    15      0.7629   +0.2511       +0.1735          0.795      1.4030  DIVERGENCE 起点候选
    16      0.8450   +0.3332       +0.2849          0.772      1.4204  DIVERGENCE 起点候选
    17      0.8868   +0.3750       +0.2431          0.822      1.4196  DIVERGENCE 起点候选
    18      0.8868   +0.3750       +0.2431          0.822      1.4196  DIVERGENCE 起点候选
    19      0.9014   +0.3896       +0.2461          0.870      1.4113  DIVERGENCE 起点候选
    20      0.9097   +0.3978       +0.2394          0.809      1.4175  DIVERGENCE 起点候选
    21      0.9097   +0.3978       +0.2394          0.809      1.4175  DIVERGENCE 起点候选
    22      0.8983   +0.3865       +0.1610          0.924      1.4063  DIVERGENCE 起点候选
    23      0.9625   +0.4507       +0.2311          0.760      1.4693  DIVERGENCE 起点候选

  Backbone(10–17) vs Neck(18–23) 的 AUC(G1/TS) 变化：
    backbone 段: min=0.5047 max=0.8868 跨度=0.3821
    neck     段: min=0.8868 max=0.9625 跨度=0.0757
    backbone 段内首达 >0.80 的层: [16, 17]
    neck 段内首达 >0.80 的层: [18, 19, 20, 21, 22, 23]
    L9 = 0.5118（== backbone 起点，stride 4 backbone P2）

  norm 比 (G1/TS) 轨迹：
   layer         9      10      11      12      13      14      15      16      17      18      19      20      21      22      23
   G1/TS     1.105   0.983   1.021   0.970   0.872   0.795   0.795   0.772   0.822   0.822   0.870   0.809   0.809   0.924   0.760

[saved] D:\gyt\AIC\urban_multimodal_detection\diagnostic\p3_feature_space\_v11_traj.json
