WARNING ⚠️ YOLOv9 `Silence` module is deprecated in favor of torch.nn.Identity. Please delete local *.pt file and re-download the latest model checkpoint.
Transferred 661/661 items from pretrained weights
hooks: (12, 13, 14, 15) patchable + L23 recorded

§4 各层坐标系：
  L12: shape=(1, 512, 80, 80)  stride=16
  L13: shape=(1, 512, 80, 80)  stride=16
  L14: shape=(1, 512, 40, 40)  stride=32
  L15: shape=(1, 512, 40, 40)  stride=32
[34m[1mval: [0mScanning D:\gyt\AIC\urban_multimodal_detection\data\processed\rgbid_split_train\labels\val\visible.cache... 400 images, 0 backgrounds, 2 corrupt: 100%|██████████| 400/400 [00:00<?, ?it/s][34m[1mval: [0mScanning D:\gyt\AIC\urban_multimodal_detection\data\processed\rgbid_split_train\labels\val\visible.cache... 400 images, 0 backgrounds, 2 corrupt: 100%|██████████| 400/400 [00:00<?, ?it/s]
[34m[1mval: [0mWARNING ⚠️ D:\gyt\AIC\urban_multimodal_detection\data\processed\rgbid_split_train\images\val\visible\000050.png: ignoring corrupt image/label: non-normalized or out of bounds coordinates [     1.0034       1.001]
[34m[1mval: [0mWARNING ⚠️ D:\gyt\AIC\urban_multimodal_detection\data\processed\rgbid_split_train\images\val\visible\003817.png: ignoring corrupt image/label: non-normalized or out of bounds coordinates [     1.0019]
  待处理 87 图（含 G1 的 21 张优先）
  000004_011_00000001: 1 target
  000006_011_00000307: 2 target
  000006_011_00000409: 2 target
  000012_014_00000184: 1 target
  000012_025_00000313: 2 target
  000017_011_00000297: 1 target
  000140: 3 target
  000415: 4 target
  001295: 4 target
  002331: 6 target
  002334: 5 target
  002588: 1 target
  003262: 12 target
  003526: 1 target
  003863: 2 target
  003902: 1 target
  003987: 11 target
  hehe_45_00000001: 1 target
  shuming_1079_00000233: 1 target
  shuming_35_00000199: 1 target
  shuming_85_00000273: 2 target
  00000045: 3 target
  00000057: 2 target
  00000063: 2 target
  00000095: 3 target
  00000106: 3 target
  00000123: 3 target
  00000171: 2 target
  00000180: 2 target
  00000234: 1 target
  00000333: 2 target
  00000339: 1 target
  00000446: 1 target
  00000447: 1 target
  00000515: 2 target
  00000554: 3 target
  00000556: 3 target
  00000577: 3 target
  00000618: 2 target
  000009_033_00000333: 1 target
  000012_009_00000325: 1 target
  000014_051_suppl_00000341: 1 target
  000016_043_suppl_00000292: 1 target
  000016_044_00000085: 1 target
  000016_044_00000169: 1 target
  000031: 1 target
  000070: 1 target
  000484: 2 target
  000926: 1 target
  001114: 1 target
  002235: 1 target
  002338: 2 target
  002380: 1 target
  002584: 3 target
  002625: 1 target
  002671: 1 target
  002750: 8 target
  002955: 1 target
  003007: 1 target
  003273: 2 target
  003288: 1 target
  003304: 2 target
  003419: 3 target
  003425: 5 target
  003444: 1 target
  003475: 1 target
  003653: 5 target
  003739: 1 target
  003757: 3 target
  003941: 5 target
  003982: 20 target
  hehe_173_000002_024_00000105: 2 target
  hehe_22_00000004: 1 target
  hehe_230_000002_043_00000061: 1 target
  hehe_274_000002_060_00000105: 1 target
  hehe_40_00000033: 1 target
  hehe_61_00000090: 2 target
  hehe_6_00000054: 1 target
  shuming_1007_00000230: 1 target
  shuming_1318_00000225: 1 target
  shuming_340_00000020: 31 target
  shuming_410_00000037: 1 target
  shuming_461_00000082: 1 target
  shuming_465_00000030: 1 target
  shuming_470_00000057: 2 target
  shuming_72_00000270: 1 target
  shuming_826_00000213: 1 target
[saved] D:\gyt\AIC\urban_multimodal_detection\diagnostic\p3_feature_space\_v14_upstream.json (232 target)
