  [fix] 已为 2807 个 val GT 重算 success 标记；其中 success=2312
  [fix] Probe C 对照集：全部 other-class small-success n=47 （其中尺寸带内 n=9，带内样本不足故用全量并报告尺寸混杂）
====================================================================================================
样本构成
====================================================================================================
  G1=38 (带内 33)  G2=29  G4=194  T_success=437
  Probe B: small-success=462  med/large-success=1850
  Probe C: G1(带内)=33  other-class small-success(带内)=47
  G1 的类别集合 = [0, 2, 4, 7, 8, 9]

====================================================================================================
空间 = P3   （n 维 = 256）
====================================================================================================
§A  Probe performance（严格 5-fold 分层 CV；置换检验因算力耗时已关闭，probe A 的置换 p 见 V7 = 0.0000）
   probe        n₊    n₋           bal-acc             AUC   perm p    cliffΔ(投影)
   A G1/G4      33   194       0.824±0.043     0.954±0.024      nan         1.000
   B small/大   462   600       0.939±0.012     0.988±0.003      nan         1.000
   C G1/他类      33    47       0.979±0.026     0.988±0.015      nan         1.000

§B  方向余弦矩阵
   cos(wA,wB) = -0.1755
   cos(wA,wC) = +0.3418
   cos(wB,wC) = -0.0629

§C  跨 probe 投影 z = w·f（标准化特征；中位 [P25,P75]）
   group                 n                     z_A                     z_B                     z_C
   G1                   38  4.185 [  3.420,  5.582] 11.248 [  8.102, 16.392]  5.565 [  4.250,  6.782]
   G2                   29 -2.963 [ -7.601, -0.710] 15.904 [  9.775, 25.849]  2.616 [ -0.528,  4.885]
   G4                  194 -5.775 [ -7.794, -4.363] 17.103 [  7.339, 21.966]  0.302 [ -1.929,  3.089]
   other-cls small      47 -3.164 [ -5.474, -0.691]  8.372 [  5.122, 13.002] -5.648 [ -8.196, -4.195]
   same-cls med/lg    1850  3.147 [  0.637,  5.068] -7.051 [ -9.497, -4.071]  1.912 [  0.034,  3.090]
   train small succ    437 -6.132 [ -9.339, -3.581] 14.006 [  8.025, 22.036] -1.755 [ -4.536,  0.803]

   G1 相对各组的 Cliff's Δ：
   vs group                Δz_A      Δz_B      Δz_C
   G2                     0.927    -0.261     0.610
   G4                     0.994    -0.174     0.821
   other-cls small        0.932     0.277     1.000
   same-cls med/lg        0.319     0.974     0.949
   train small succ       0.986    -0.127     0.969

====================================================================================================
空间 = H   （n 维 = 256）
====================================================================================================
§A  Probe performance（严格 5-fold 分层 CV；置换检验因算力耗时已关闭，probe A 的置换 p 见 V7 = 0.0000）
   probe        n₊    n₋           bal-acc             AUC   perm p    cliffΔ(投影)
   A G1/G4      33   194       0.928±0.054     0.985±0.007      nan         1.000
   B small/大   462   600       0.899±0.015     0.966±0.006      nan         0.996
   C G1/他类      33    47       0.990±0.020     1.000±0.000      nan         1.000

§B  方向余弦矩阵
   cos(wA,wB) = -0.1727
   cos(wA,wC) = +0.2720
   cos(wB,wC) = -0.0061

§C  跨 probe 投影 z = w·f（标准化特征；中位 [P25,P75]）
   group                 n                     z_A                     z_B                     z_C
   G1                   38  6.425 [  4.797,  8.064]  9.629 [  6.007, 14.592]  6.999 [  5.559,  9.888]
   G2                   29 -5.460 [ -6.510, -3.580]  9.663 [  6.788, 10.772]  1.026 [  0.545,  4.206]
   G4                  194 -6.061 [ -6.787, -4.376]  7.601 [  5.393,  9.705]  0.397 [ -1.553,  1.692]
   other-cls small      47 -6.400 [ -7.030, -4.598]  4.682 [  3.996,  6.498] -7.907 [-10.056, -6.207]
   same-cls med/lg    1850  3.450 [ -3.673, 10.755] -4.003 [ -7.459, -0.363]  1.477 [  0.074,  3.010]
   train small succ    437 -5.475 [ -6.615, -4.661]  6.733 [  4.710,  8.816]  0.272 [ -0.823,  0.937]

   G1 相对各组的 Cliff's Δ：
   vs group                Δz_A      Δz_B      Δz_C
   G2                     0.993     0.080     0.838
   G4                     1.000     0.280     0.975
   other-cls small        0.994     0.478     1.000
   same-cls med/lg        0.226     0.887     0.956
   train small succ       0.997     0.335     1.000

[saved] D:\gyt\AIC\urban_multimodal_detection\diagnostic\p3_feature_space\_v8_probes.json
