============================================================================================================
SMALL CANDIDATE RANK 5~16 FEASIBILITY AUDIT（纯离线只读）
============================================================================================================

[§2 数据充分性]
  NPZ keys: 16  折后 native GT 1920  候选 324474
  candidate 定义 = mask_in_gts==True（**只含框内 anchor 中心**，框外 anchor 未保存）
  ⇒ 无法区分 §14 Situation A（grid 有、被中心约束滤掉）vs Situation B（grid 本就没有）

  native-small GT n = 250；n_cand 分布：min=0 p50=4 p75=8 p90=21 max=166
    n_cand >=  4:  152 / 250  ( 60.8%)
    n_cand >=  5:  123 / 250  ( 49.2%)
    n_cand >=  8:   69 / 250  ( 27.6%)
    n_cand >= 12:   45 / 250  ( 18.0%)
    n_cand >= 16:   33 / 250  ( 13.2%)

============================================================================================================
§5/§7 RANK 1~16 逐 rank 质量（Rank-A = 按 CIoU 降序）
  ⚠ eligible n 随 rank 递减：rank k 只对 n_cand>=k 的 GT 有定义。
============================================================================================================
  rank  elig_n   CIoU med     mean     p10     p25     p75     p90 |  P(≥.3)  P(≥.5)  P(≥.7)  P(≥.8) |  cls med  P(cls≥.1)  P(cls≥.3) | stride med
     1     244     0.8808   0.8225  0.5983  0.7831  0.9340  0.9666 |   96.7%   95.1%   82.8%   71.7% |   0.5851      80.3%      73.0% |        8.0
     2     230     0.8695   0.8027  0.5729  0.7673  0.9255  0.9612 |   95.2%   92.2%   81.7%   70.0% |   0.6259      81.7%      74.3% |        8.0
     3     187     0.8689   0.8141  0.6105  0.7810  0.9266  0.9596 |   96.3%   94.1%   85.6%   72.7% |   0.6408      82.9%      74.3% |        8.0
     4     152     0.8794   0.8136  0.6177  0.8033  0.9288  0.9591 |   94.1%   92.8%   86.8%   75.7% |   0.6558      78.3%      72.4% |        8.0
     5     123     0.8910   0.8407  0.7507  0.8273  0.9331  0.9586 |   95.1%   95.1%   93.5%   82.1% |   0.7382      87.8%      82.1% |        8.0
     6     100     0.8958   0.8382  0.7180  0.8246  0.9419  0.9583 |   95.0%   94.0%   91.0%   80.0% |   0.7201      74.0%      64.0% |        8.0
     7      85     0.9074   0.8580  0.7572  0.8502  0.9402  0.9570 |   96.5%   96.5%   92.9%   83.5% |   0.7592      77.6%      71.8% |        8.0
     8      69     0.9170   0.8780  0.8010  0.8564  0.9450  0.9568 |   98.6%   97.1%   97.1%   89.9% |   0.7959      76.8%      71.0% |        8.0
     9      58     0.9211   0.8863  0.8232  0.8809  0.9470  0.9560 |   98.3%   98.3%   96.6%   91.4% |   0.4683      62.1%      55.2% |        8.0
    10      56     0.9171   0.8805  0.8163  0.8765  0.9444  0.9545 |   98.2%   96.4%   96.4%   91.1% |   0.7795      76.8%      69.6% |        8.0
    11      50     0.9203   0.8869  0.8030  0.8801  0.9452  0.9537 |   98.0%   98.0%   98.0%   90.0% |   0.6562      66.0%      60.0% |        8.0
    12      45     0.9189   0.8891  0.8209  0.8812  0.9456  0.9523 |   97.8%   97.8%   97.8%   93.3% |   0.7744      71.1%      68.9% |        8.0
    13      41     0.9204   0.9050  0.8477  0.8865  0.9422  0.9501 |  100.0%  100.0%  100.0%   92.7% |   0.0599      48.8%      39.0% |        8.0
    14      41     0.9158   0.8982  0.8203  0.8781  0.9399  0.9481 |  100.0%  100.0%  100.0%   90.2% |   0.0014      43.9%      41.5% |        8.0
    15      38     0.9128   0.8744  0.8004  0.8712  0.9389  0.9475 |   97.4%   97.4%   97.4%   89.5% |   0.0510      44.7%      44.7% |        8.0
    16      33     0.9132   0.8778  0.8488  0.8849  0.9382  0.9464 |   97.0%   97.0%   97.0%   90.9% |   0.5927      51.5%      51.5% |        8.0

============================================================================================================
§6/§7 CUMULATIVE max@K（同一批 eligible GT 上）
============================================================================================================
     K  elig_n  maxCIoU med   Δ vs K=4   P(≥.5)   P(≥.7)   P(≥.8) |  maxCls med  maxAlign med  P(maxCIoU↑ | K>4)
diagnostic/small_candidate_rank_audit/_analyze.py:149: RuntimeWarning: All-NaN slice encountered
  ci = np.nanmax(CI[:, :K], axis=1)
diagnostic/small_candidate_rank_audit/_analyze.py:150: RuntimeWarning: All-NaN slice encountered
  cl = np.nanmax(CL[:, :K], axis=1)
diagnostic/small_candidate_rank_audit/_analyze.py:151: RuntimeWarning: All-NaN slice encountered
  al = np.nanmax(AL[:, :K], axis=1)
     1     244       0.8808        nan    95.1%    82.8%    71.7% |      0.5851        0.2815               nan%
     2     230       0.8808        nan    95.1%    82.8%    71.7% |      0.7019        0.3059               nan%
     3     187       0.8808        nan    95.1%    82.8%    71.7% |      0.7194        0.3230               nan%
     4     152       0.8808        nan    95.1%    82.8%    71.7% |      0.7422        0.3430               nan%
     5     123       0.8808     0.0000    95.1%    82.8%    71.7% |      0.7580        0.3527               0.0%
     6     100       0.8808     0.0000    95.1%    82.8%    71.7% |      0.7651        0.3553               0.0%
     7      85       0.8808     0.0000    95.1%    82.8%    71.7% |      0.7695        0.3595               0.0%
     8      69       0.8808     0.0000    95.1%    82.8%    71.7% |      0.7698        0.3595               0.0%
     9      58       0.8808     0.0000    95.1%    82.8%    71.7% |      0.7698        0.3595               0.0%
    10      56       0.8808     0.0000    95.1%    82.8%    71.7% |      0.7698        0.3595               0.0%
    11      50       0.8808     0.0000    95.1%    82.8%    71.7% |      0.7698        0.3595               0.0%
    12      45       0.8808     0.0000    95.1%    82.8%    71.7% |      0.7704        0.3595               0.0%
    13      41       0.8808     0.0000    95.1%    82.8%    71.7% |      0.7704        0.3595               0.0%
    14      41       0.8808     0.0000    95.1%    82.8%    71.7% |      0.7704        0.3595               0.0%
    15      38       0.8808     0.0000    95.1%    82.8%    71.7% |      0.7704        0.3595               0.0%
    16      33       0.8808     0.0000    95.1%    82.8%    71.7% |      0.7704        0.3595               0.0%

============================================================================================================
§8 STRIDE 分解（native-small 的候选来自哪个 stride）
============================================================================================================
   stride  rank1-4 cnt  rank5-10 cnt  rank11-16 cnt    rank5-16 占比  CIoU med(rank5-16)  cls med(rank5-16)
        8          642           309            161          63.6%              0.9119             0.6950
       16          152           162             77          32.3%              0.9170             0.7921
       32           19            20             10           4.1%              0.8128             0.2571
  ⇒ 若 rank5~16 主要由 stride 16/32 贡献，则不能解释为『提高 stride-8 密度』。

============================================================================================================
§9 GT 尺寸分层（native sqrt 四分位）
============================================================================================================
           stratum    n  n_cand med  maxCIoU@4  maxCIoU@8  maxCIoU@16      Δ@8     Δ@16  elig16
diagnostic/small_candidate_rank_audit/_analyze.py:205: RuntimeWarning: All-NaN slice encountered
  c4 = np.nanmax(CI[ii][:, :4], axis=1)
diagnostic/small_candidate_rank_audit/_analyze.py:206: RuntimeWarning: All-NaN slice encountered
  c8 = np.nanmax(CI[ii][:, :8], axis=1)
diagnostic/small_candidate_rank_audit/_analyze.py:207: RuntimeWarning: All-NaN slice encountered
  c16 = np.nanmax(CI[ii][:, :16], axis=1)
         <S1 (p25)   63           3     0.8639     0.8639      0.8639   0.0000   0.0000      13
       S2 (25-50%)   62           3     0.8576     0.8576      0.8576   0.0000   0.0000       3
       S3 (50-75%)   63           5     0.8904     0.8904      0.8904   0.0000   0.0000       9
        >S4 (p75+)   62           6     0.9012     0.9012      0.9012   0.0000   0.0000       8

============================================================================================================
§10 ASPECT-RATIO 分层
============================================================================================================
            AR 层    n  maxCIoU@4  maxCIoU@8  maxCIoU@16  elig16
diagnostic/small_candidate_rank_audit/_analyze.py:228: RuntimeWarning: All-NaN slice encountered
  c4 = np.nanmax(CI[ii][:, :4], axis=1); c8 = np.nanmax(CI[ii][:, :8], axis=1)
diagnostic/small_candidate_rank_audit/_analyze.py:229: RuntimeWarning: All-NaN slice encountered
  c16 = np.nanmax(CI[ii][:, :16], axis=1); e16 = int(np.isfinite(CI[ii][:, 15]).sum())
          AR<0.5   62     0.8422     0.8422      0.8422       4
       0.5<=AR<1   96     0.8667     0.8667      0.8667       4
         1<=AR<2   75     0.8991     0.8991      0.8991      15
           AR>=2   17     0.9399     0.9399      0.9399      10

============================================================================================================
§12 双门槛 useful_candidate（rank 5~16）
============================================================================================================
                        定义      rank5-16 全部候选   rank5-10  rank11-16    per-GT 至少1个(rank5-16)
     CIoU>=0.5 & cls>=0.05              70.5%      77.6%      56.5%                    46.4%
     CIoU>=0.5 & cls>=0.10              68.7%      76.0%      54.4%                    46.0%
     CIoU>=0.7 & cls>=0.10              67.9%      74.7%      54.4%                    45.2%
  对照：rank1-4 上同一双门槛的 per-GT 比例 = 84.4%

[saved] D:\gyt\AIC\urban_multimodal_detection\diagnostic\small_candidate_rank_audit\_tables.json
============================================================================================================
SMALL CANDIDATE RANK AUDIT — 修正版（纯离线只读）
============================================================================================================

[§2] 数据充分性
  candidate 定义 = mask_in_gts==True（只含**框内 anchor 中心**；框外 anchor 未保存）
  native-small n=250；n_cand: p50=4 p75=8 p90=21 max=166
    n_cand>= 5:  123/250 ( 49.2%)
    n_cand>= 8:   69/250 ( 27.6%)
    n_cand>=12:   45/250 ( 18.0%)
    n_cand>=16:   33/250 ( 13.2%)
    n_cand>topk(10):   50/250 ( 20.0%)  ← 只有这些 GT 有『未被选中的池内候选』

============================================================================================================
[A] 固定总体（n_cand>=16，n=33）逐 rank —— **同一批 GT，rank 间可比**
============================================================================================================
  rank  CIoU med    mean     p25     p75 |  P(≥.5)  P(≥.7)  P(≥.8) |  cls med P(cls≥.1) P(cls≥.3) | stride med
     1    0.9642  0.9452  0.9314  0.9743 |  100.0%  100.0%   97.0% |   0.0000     33.3%     30.3% |        8.0
     2    0.9592  0.9394  0.9302  0.9698 |  100.0%  100.0%   97.0% |   0.0658     45.5%     39.4% |        8.0
     3    0.9583  0.9351  0.9240  0.9660 |  100.0%  100.0%   97.0% |   0.0113     48.5%     48.5% |        8.0
     4    0.9522  0.9304  0.9218  0.9606 |  100.0%  100.0%   93.9% |   0.0028     45.5%     45.5% |        8.0
     5    0.9518  0.9270  0.9198  0.9590 |  100.0%  100.0%   93.9% |   0.8193     75.8%     72.7% |        8.0
     6    0.9467  0.9250  0.9170  0.9576 |  100.0%  100.0%   93.9% |   0.6499     54.5%     51.5% |        8.0
     7    0.9395  0.9223  0.9126  0.9565 |  100.0%  100.0%   93.9% |   0.7762     66.7%     66.7% |        8.0
     8    0.9345  0.9201  0.9122  0.9529 |  100.0%  100.0%   93.9% |   0.7618     63.6%     60.6% |        8.0
     9    0.9335  0.9185  0.9106  0.9518 |  100.0%  100.0%   93.9% |   0.4330     51.5%     51.5% |        8.0
    10    0.9323  0.9165  0.9104  0.9483 |  100.0%  100.0%   93.9% |   0.8236     84.8%     78.8% |        8.0
    11    0.9263  0.9150  0.9071  0.9466 |  100.0%  100.0%   93.9% |   0.7491     63.6%     60.6% |        8.0
    12    0.9262  0.9136  0.9028  0.9466 |  100.0%  100.0%   93.9% |   0.8079     75.8%     72.7% |        8.0
    13    0.9257  0.9112  0.8957  0.9438 |  100.0%  100.0%   93.9% |   0.0210     48.5%     45.5% |        8.0
    14    0.9224  0.9081  0.8948  0.9422 |  100.0%  100.0%   93.9% |   0.0052     45.5%     45.5% |        8.0
    15    0.9198  0.9065  0.8922  0.9407 |  100.0%  100.0%   93.9% |   0.0986     48.5%     48.5% |        8.0
    16    0.9132  0.8778  0.8849  0.9382 |   97.0%   97.0%   90.9% |   0.5927     51.5%     51.5% |        8.0

============================================================================================================
[B] 池内 HEADROOM —— 正确口径：**当前 topk=10 未选中的池内候选**
============================================================================================================
  ⚠ 先记录一个同义反复（不是发现）：Rank-A 下 max_CIoU@K 对一切 K 恒等于 rank-1。
     ⇒ **新增候选不可能提高 max**（当前 max 已由池内最优候选取得）。
     ⇒ 候选密度若要起作用，只能通过**增加正样本数量**，不能通过抬高 max。

  有未选中候选的 small GT：50 / 250 (20.0%)；其未选中候选共 1215 个 （每 GT 中位 12）
  未选中候选的 CIoU: med=0.5930 p25=0.2621 p75=0.8808  P(≥.5)=56.1%  P(≥.7)=44.4%
  未选中候选的 cls : med=0.0000  P(≥.1)=14.1%  P(≥.3)=13.3%
  未选中候选的双门槛 useful: CIoU≥0.5&cls≥0.1 = 13.9% ;  CIoU≥0.7&cls≥0.1 = 13.8%
  per-GT 至少 1 个 useful 未选中候选: CIoU≥0.5&cls≥0.1 → 94.0% of those GTs (47/50) ; ≥0.7 → 94.0%
  未选中候选的 stride 构成: stride8=81.1%  stride16=12.3%  stride32=6.6%

  ⇒ 但注意分母：只有 20.0% 的 native-small GT 存在未选中候选；
     其余 80.0% 的 small GT 其**全部**候选都已被选中（n_cand≤10）⇒ 对它们，池内 headroom **恰好为 0**。

============================================================================================================
[C] 分层（每层给出 eligible16 与**未选中候选**的可用性）
============================================================================================================
                 层    n  n_cand med  elig16      有未选中     未选中 CIoU med      未选中 P(≥.5)
         <S1 (p25)   63           3      13        17           0.8624           85.6%
       S2 (25-50%)   62           3       3         8           0.6811           60.3%
       S3 (50-75%)   63           5       9        11           0.4321           44.4%
        >S4 (p75+)   62           6       8        14           0.5496           54.2%
            AR<0.5   62           4       4         7           0.5338           53.4%
         0.5<=AR<1   96           4       4         9           0.8514           93.5%
           1<=AR<2   75           6      15        21           0.5061           50.3%
             AR>=2   17          17      10        13           0.6884           59.2%

[saved] D:\gyt\AIC\urban_multimodal_detection\diagnostic\small_candidate_rank_audit\_tables2.json
