====================================================================================================
§2 PROVENANCE
====================================================================================================
  [PASS] tal.py              aae7e8ac438f00cda88d7e151795b3f78270ec4ed56b883f413fd16233b7e527
  [PASS] loss.py             0f092cf22a372f6d5c5e7197d7adde51cbb23c02ac4522978f42df5b23a6543b
  [PASS] train cfg           a4e329cfc3d220206448cdd3377c1b3f5126c50f13c907ada522d98725486e12
  [PASS] D-prime best.pt     1cae45f75693f54146e35c5fa076c0a6f78ca1cfa95595de74d959f40fae4fda

PROVENANCE_STATUS = PASS
  PRE-FLIGHT 记录（供 C5 比对）: supervision=51a9232dfaffd2b1  causal_audit=7041256d270bf433

====================================================================================================
§3 TAL 方程（本次重新从源码读取）
====================================================================================================
  ultralytics\utils\tal.py  sha=aae7e8ac438f00cda88d7e151795b3f78270ec4ed56b883f413fd16233b7e527
    :128   mask_pos = mask_topk * mask_in_gts * mask_gt
    :150   align_metric = bbox_scores.pow(self.alpha) * overlaps.pow(self.beta)
    :155   iou_calculation = bbox_iou(..., CIoU=True).squeeze(-1).clamp_(0)
    :110   align_metric *= mask_pos          <-- **in-place**（本轮的字段语义陷阱来源）
  ultralytics\utils\loss.py  sha=0f092cf22a372f6d5c5e7197d7adde51cbb23c02ac4522978f42df5b23a6543b
    :438   TaskAlignedAssigner(topk=tal_topk=10, num_classes=12, alpha=0.5, beta=6.0)
  ⇒ 实际有效值：alpha=0.5  beta=6.0  topk=10   align = cls^0.5 * CIoU^6.0

====================================================================================================
§4 cls / CIoU 对 alignment 的敏感度（解析）
====================================================================================================
  align = cls^0.5 * CIoU^6   ——  固定 CIoU=0.7，变化 cls：
         cls         align   relative_to_cls=1
       1e-06  1.176490e-04        1.000000e-03
       1e-05  3.720388e-04        3.162278e-03
       1e-04  1.176490e-03        1.000000e-02
       1e-03  3.720388e-03        3.162278e-02
       1e-02  1.176490e-02        1.000000e-01
       1e-01  3.720388e-02        3.162278e-01
       5e-01  8.319041e-02        7.071068e-01
       1e+00  1.176490e-01        1.000000e+00
  ——  固定 cls=0.1，变化 CIoU：
        0.30  2.305300e-04        7.290000e-04
        0.40  1.295269e-03        4.096000e-03
        0.50  4.941059e-03        1.562500e-02
        0.60  1.475392e-02        4.665600e-02
        0.70  3.720388e-02        1.176490e-01
        0.80  8.289721e-02        2.621440e-01
        0.90  1.680564e-01        5.314410e-01
        0.95  2.324565e-01        7.350919e-01

====================================================================================================
§5 等 alignment 边界：cls_B/cls_A = (iou_A/iou_B)^(beta/alpha) = ^12
====================================================================================================
     iou_A/iou_B     ratio     cls_B/cls_A   interpretation
  0.50/0.80        0.6250       3.553e-03   B 只需 A 的 0.3553% 的 cls 即可打平
  0.60/0.80        0.7500       3.168e-02   B 只需 A 的 3.1676% 的 cls 即可打平
  0.70/0.80        0.8750       2.014e-01   B 只需 A 的 20.1417% 的 cls 即可打平
  0.70/0.90        0.7778       4.901e-02   B 只需 A 的 4.9008% 的 cls 即可打平
  0.80/0.90        0.8889       2.433e-01   B 只需 A 的 24.3315% 的 cls 即可打平
  0.50/0.90        0.5556       8.644e-04   B 只需 A 的 0.0864% 的 cls 即可打平
  0.50/0.95        0.5263       4.518e-04   B 只需 A 的 0.0452% 的 cls 即可打平

  ⇒ CIoU 0.5 -> 0.8 的几何优势，需要 **281 倍** 的 cls 劣势才被抵消
     ⇒ 几何项（CIoU^6）在数值上压倒性强于 cls 项（cls^0.5）

====================================================================================================
§6-§10 真实 frozen 候选（train split）
====================================================================================================
  1,905,266 candidates / 10,105 GT
  nan/inf: ciou nan=0 inf=0 | cls nan=0 inf=0 | align_raw nan=0 inf=0
  **字段语义修正**：cand_align = post-mask_pos（tal.py:110 in-place）⇒ 排序改用 align_raw
     recorded==0 = 95.2902%；recorded>0（= 观测正样本 mask_pos）= 4.7098%
  在 recorded>0 子集上 max|recorded - recomputed| = 8.372e-08（float32 精度内 ⇒ 恒等式成立）
  GT 分组: 10105，池非空 10057
  ✔ TOP-K = **OBSERVED**（cand_align>0 即掩码后的 mask_pos，直读非重建）

--- §7 四象限（真实候选；阈值预先固定 high_iou=CIoU>=0.50, high_cls=cls>=0.001）---
  象限                                   n       占有率
  HIGH_IOU_HIGH_CLS               102144   5.3611%
  HIGH_IOU_LOW_CLS                217025  11.3908%
  LOW_IOU_HIGH_CLS                 15742   0.8262%
  LOW_IOU_LOW_CLS                1570355  82.4218%

--- 重建校验：重算排序 top-10  vs  观测正样本(cand_align>0) ---
  观测正样本总数 = 89,735；重建∩观测 = 89,735 ⇒ 观测正样本被重建覆盖 100.00%
  每 GT 观测正样本数：median=10 p90=10 max=10  （topk=10 ⇒ 期望 <= 10）

--- §8 关键组：CIoU>=0.50 & cls<0.001 -> **217,025 个候选**（11.3908% of all）---
           CIoU>=0.75 & cls<0.001 -> 125,202 个
  涉及 7,668 个 GT；该组候选的**观测正样本命中率** = 304/217,025 = **0.14%**
  逐 GT 命中率分位：p25=0.000 median=0.000 p75=0.000   ==0 的 GT 占 97.7%
  该组 align_raw 中位 = 6.080e-05；其余候选 align_raw 中位 = 3.885e-14
  该组池内 align_raw rank 中位 = 26

--- §13 反证检查：池内 maxCIoU 的候选是否进入**观测正样本**？---
  3,821 / 7,668 = **49.8305%**
  ⇒ 即使该候选 cls 很低，它仍被 TAL 选为**正样本**（CIoU^6 主导排序）

--- §9 counterfactual：只把『CIoU>=0.50 & cls<0.001』候选的 cls 提到 cls_cf（几何不变）---
      cls_cf         候选数        观测命中(原值)       重算top-k命中     top-k提升
       1e-06     217,025           0.14%           0.11%      -0.03%
       1e-05     217,025           0.14%           0.13%      -0.01%
       1e-04     217,025           0.14%           0.14%      -0.00%
       1e-03     217,025           0.14%           0.18%      +0.04%
       1e-02     217,025           0.14%           0.33%      +0.19%
       1e-01     217,025           0.14%           0.83%      +0.69%

--- §10 反方向 counterfactual：只把该组候选的 CIoU 调高（cls 不变）---
     cioU_cf       重算top-k命中         命中率          相对原值提升
        0.30             155       0.07%          -0.07%
        0.40             212       0.10%          -0.04%
        0.50             252       0.12%          -0.02%
        0.60             276       0.13%          -0.01%
        0.70             302       0.14%          -0.00%
        0.80             341       0.16%          +0.02%
        0.90             397       0.18%          +0.04%

====================================================================================================
§11 86 条 val GT 的 counterfactual alignment（**不是**训练结果）
====================================================================================================
  ⚠ 86 条是 **validation** GT，不得当作 training candidate（§11）。以下只是条件性算术。
  把 peak anchor 的 cls 从当前值提到 0.001 ⇒ alignment ×24.8（中位），范围 0.7-696.1
  把 peak anchor 的 cls 从当前值提到  0.01 ⇒ alignment ×78.5（中位），范围 2.3-2201.1
  把 peak anchor 的 cls 从当前值提到   0.1 ⇒ alignment ×248.2（中位），范围 7.2-6960.6

====================================================================================================
CONSISTENCY CHECKS
====================================================================================================
  [PASS] C1  align == cls^0.5 * CIoU^6（在 recorded>0 子集上逐项）  max|resid|=8.372e-08（float32 精度）；cand_align 字段本身 = post-mask_pos，不可用于排序
  [PASS] C2  topk=10 ⇒ 每 GT 观测正样本数 <= 10  median=10 max=10
  [PASS] C3  0<=CIoU<=1 且 0<=cls<=1  
  [PASS] C4  counterfactual 只改指定变量（npz 只读，副本上运算）  npz sha 前后一致 = True
  [PASS] C5  旧目录 SHA 未变（与 PRE-FLIGHT 读取值逐位比对）  sup=51a9232dfaffd2b1 cau=7041256d270bf433
  [PASS] C6  GPU=0 training=0 inference=0 source_mod=0  
  [PASS] C7  top-k 结论有 candidate identity / rank 支持  cand_gt = 稳定 identity；top-k 为 **OBSERVED**（cand_align>0 = mask_pos），rank 由重算 align_raw 给出
